Archive member included to satisfy reference by file (symbol)

/opt/st/stm32cubeide_1.19.0/plugins/com.st.stm32cube.ide.mcu.externaltools.gnu-tools-for-stm32.13.3.rel1.linux64_1.0.0.202410170706/tools/bin/../lib/gcc/arm-none-eabi/13.3.1/../../../../arm-none-eabi/lib/thumb/v7e-m+fp/hard/libstdc++_nano.a(del_ops.o)
                              ./Core/Src/LEDArray.o (operator delete(void*, unsigned int))
/opt/st/stm32cubeide_1.19.0/plugins/com.st.stm32cube.ide.mcu.externaltools.gnu-tools-for-stm32.13.3.rel1.linux64_1.0.0.202410170706/tools/bin/../lib/gcc/arm-none-eabi/13.3.1/../../../../arm-none-eabi/lib/thumb/v7e-m+fp/hard/libstdc++_nano.a(del_op.o)
                              /opt/st/stm32cubeide_1.19.0/plugins/com.st.stm32cube.ide.mcu.externaltools.gnu-tools-for-stm32.13.3.rel1.linux64_1.0.0.202410170706/tools/bin/../lib/gcc/arm-none-eabi/13.3.1/../../../../arm-none-eabi/lib/thumb/v7e-m+fp/hard/libstdc++_nano.a(del_ops.o) (operator delete(void*))
/opt/st/stm32cubeide_1.19.0/plugins/com.st.stm32cube.ide.mcu.externaltools.gnu-tools-for-stm32.13.3.rel1.linux64_1.0.0.202410170706/tools/bin/../lib/gcc/arm-none-eabi/13.3.1/../../../../arm-none-eabi/lib/thumb/v7e-m+fp/hard/libc_nano.a(libc_a-exit.o)
                              /opt/st/stm32cubeide_1.19.0/plugins/com.st.stm32cube.ide.mcu.externaltools.gnu-tools-for-stm32.13.3.rel1.linux64_1.0.0.202410170706/tools/bin/../lib/gcc/arm-none-eabi/13.3.1/../../../../arm-none-eabi/lib/thumb/v7e-m+fp/hard/crt0.o (exit)
/opt/st/stm32cubeide_1.19.0/plugins/com.st.stm32cube.ide.mcu.externaltools.gnu-tools-for-stm32.13.3.rel1.linux64_1.0.0.202410170706/tools/bin/../lib/gcc/arm-none-eabi/13.3.1/../../../../arm-none-eabi/lib/thumb/v7e-m+fp/hard/libc_nano.a(libc_a-malloc.o)
                              /opt/st/stm32cubeide_1.19.0/plugins/com.st.stm32cube.ide.mcu.externaltools.gnu-tools-for-stm32.13.3.rel1.linux64_1.0.0.202410170706/tools/bin/../lib/gcc/arm-none-eabi/13.3.1/../../../../arm-none-eabi/lib/thumb/v7e-m+fp/hard/libstdc++_nano.a(del_op.o) (free)
/opt/st/stm32cubeide_1.19.0/plugins/com.st.stm32cube.ide.mcu.externaltools.gnu-tools-for-stm32.13.3.rel1.linux64_1.0.0.202410170706/tools/bin/../lib/gcc/arm-none-eabi/13.3.1/../../../../arm-none-eabi/lib/thumb/v7e-m+fp/hard/libc_nano.a(libc_a-mallocr.o)
                              /opt/st/stm32cubeide_1.19.0/plugins/com.st.stm32cube.ide.mcu.externaltools.gnu-tools-for-stm32.13.3.rel1.linux64_1.0.0.202410170706/tools/bin/../lib/gcc/arm-none-eabi/13.3.1/../../../../arm-none-eabi/lib/thumb/v7e-m+fp/hard/libc_nano.a(libc_a-malloc.o) (_malloc_r)
/opt/st/stm32cubeide_1.19.0/plugins/com.st.stm32cube.ide.mcu.externaltools.gnu-tools-for-stm32.13.3.rel1.linux64_1.0.0.202410170706/tools/bin/../lib/gcc/arm-none-eabi/13.3.1/../../../../arm-none-eabi/lib/thumb/v7e-m+fp/hard/libc_nano.a(libc_a-mlock.o)
                              /opt/st/stm32cubeide_1.19.0/plugins/com.st.stm32cube.ide.mcu.externaltools.gnu-tools-for-stm32.13.3.rel1.linux64_1.0.0.202410170706/tools/bin/../lib/gcc/arm-none-eabi/13.3.1/../../../../arm-none-eabi/lib/thumb/v7e-m+fp/hard/libc_nano.a(libc_a-mallocr.o) (__malloc_lock)
/opt/st/stm32cubeide_1.19.0/plugins/com.st.stm32cube.ide.mcu.externaltools.gnu-tools-for-stm32.13.3.rel1.linux64_1.0.0.202410170706/tools/bin/../lib/gcc/arm-none-eabi/13.3.1/../../../../arm-none-eabi/lib/thumb/v7e-m+fp/hard/libc_nano.a(libc_a-findfp.o)
                              /opt/st/stm32cubeide_1.19.0/plugins/com.st.stm32cube.ide.mcu.externaltools.gnu-tools-for-stm32.13.3.rel1.linux64_1.0.0.202410170706/tools/bin/../lib/gcc/arm-none-eabi/13.3.1/../../../../arm-none-eabi/lib/thumb/v7e-m+fp/hard/libc_nano.a(libc_a-exit.o) (__stdio_exit_handler)
/opt/st/stm32cubeide_1.19.0/plugins/com.st.stm32cube.ide.mcu.externaltools.gnu-tools-for-stm32.13.3.rel1.linux64_1.0.0.202410170706/tools/bin/../lib/gcc/arm-none-eabi/13.3.1/../../../../arm-none-eabi/lib/thumb/v7e-m+fp/hard/libc_nano.a(libc_a-fwalk.o)
                              /opt/st/stm32cubeide_1.19.0/plugins/com.st.stm32cube.ide.mcu.externaltools.gnu-tools-for-stm32.13.3.rel1.linux64_1.0.0.202410170706/tools/bin/../lib/gcc/arm-none-eabi/13.3.1/../../../../arm-none-eabi/lib/thumb/v7e-m+fp/hard/libc_nano.a(libc_a-findfp.o) (_fwalk_sglue)
/opt/st/stm32cubeide_1.19.0/plugins/com.st.stm32cube.ide.mcu.externaltools.gnu-tools-for-stm32.13.3.rel1.linux64_1.0.0.202410170706/tools/bin/../lib/gcc/arm-none-eabi/13.3.1/../../../../arm-none-eabi/lib/thumb/v7e-m+fp/hard/libc_nano.a(libc_a-snprintf.o)
                              ./Core/Src/main.o (snprintf)
/opt/st/stm32cubeide_1.19.0/plugins/com.st.stm32cube.ide.mcu.externaltools.gnu-tools-for-stm32.13.3.rel1.linux64_1.0.0.202410170706/tools/bin/../lib/gcc/arm-none-eabi/13.3.1/../../../../arm-none-eabi/lib/thumb/v7e-m+fp/hard/libc_nano.a(libc_a-stdio.o)
[...]
Memory Configuration

Name             Origin             Length             Attributes
CCMRAM           0x10000000         0x00010000         xrw
RAM              0x20000000         0x00030000         xrw
FLASH            0x08000000         0x00200000         xr
*default*        0x00000000         0xffffffff

Linker script and memory map

LOAD /opt/st/stm32cubeide_1.19.0/plugins/com.st.stm32cube.ide.mcu.externaltools.gnu-tools-for-stm32.13.3.rel1.linux64_1.0.0.202410170706/tools/bin/../lib/gcc/arm-none-eabi/13.3.1/thumb/v7e-m+fp/hard/crti.o
LOAD /opt/st/stm32cubeide_1.19.0/plugins/com.st.stm32cube.ide.mcu.externaltools.gnu-tools-for-stm32.13.3.rel1.linux64_1.0.0.202410170706/tools/bin/../lib/gcc/arm-none-eabi/13.3.1/thumb/v7e-m+fp/hard/crtbegin.o
LOAD /opt/st/stm32cubeide_1.19.0/plugins/com.st.stm32cube.ide.mcu.externaltools.gnu-tools-for-stm32.13.3.rel1.linux64_1.0.0.202410170706/tools/bin/../lib/gcc/arm-none-eabi/13.3.1/../../../../arm-none-eabi/lib/thumb/v7e-m+fp/hard/crt0.o
LOAD ./Core/Src/LEDArray.o
LOAD ./Core/Src/funkSteckdose.o
LOAD ./Core/Src/main.o
LOAD ./Core/Src/stm32f4xx_hal_msp.o
LOAD ./Core/Src/stm32f4xx_it.o
LOAD ./Core/Src/syscalls.o
LOAD ./Core/Src/sysmem.o
LOAD ./Core/Src/system_stm32f4xx.o
LOAD ./Core/Startup/startup_stm32f429zitx.o
LOAD ./Drivers/STM32F4xx_HAL_Driver/Src/stm32f4xx_hal.o
LOAD ./Drivers/STM32F4xx_HAL_Driver/Src/stm32f4xx_hal_adc.o
LOAD ./Drivers/STM32F4xx_HAL_Driver/Src/stm32f4xx_hal_adc_ex.o
LOAD ./Drivers/STM32F4xx_HAL_Driver/Src/stm32f4xx_hal_cortex.o
LOAD ./Drivers/STM32F4xx_HAL_Driver/Src/stm32f4xx_hal_dma.o
LOAD ./Drivers/STM32F4xx_HAL_Driver/Src/stm32f4xx_hal_dma_ex.o
LOAD ./Drivers/STM32F4xx_HAL_Driver/Src/stm32f4xx_hal_eth.o
LOAD ./Drivers/STM32F4xx_HAL_Driver/Src/stm32f4xx_hal_exti.o
LOAD ./Drivers/STM32F4xx_HAL_Driver/Src/stm32f4xx_hal_flash.o
LOAD ./Drivers/STM32F4xx_HAL_Driver/Src/stm32f4xx_hal_flash_ex.o
LOAD ./Drivers/STM32F4xx_HAL_Driver/Src/stm32f4xx_hal_flash_ramfunc.o
LOAD ./Drivers/STM32F4xx_HAL_Driver/Src/stm32f4xx_hal_gpio.o
LOAD ./Drivers/STM32F4xx_HAL_Driver/Src/stm32f4xx_hal_i2s.o
LOAD ./Drivers/STM32F4xx_HAL_Driver/Src/stm32f4xx_hal_i2s_ex.o
LOAD ./Drivers/STM32F4xx_HAL_Driver/Src/stm32f4xx_hal_pcd.o
LOAD ./Drivers/STM32F4xx_HAL_Driver/Src/stm32f4xx_hal_pcd_ex.o
LOAD ./Drivers/STM32F4xx_HAL_Driver/Src/stm32f4xx_hal_pwr.o
LOAD ./Drivers/STM32F4xx_HAL_Driver/Src/stm32f4xx_hal_pwr_ex.o
LOAD ./Drivers/STM32F4xx_HAL_Driver/Src/stm32f4xx_hal_rcc.o
LOAD ./Drivers/STM32F4xx_HAL_Driver/Src/stm32f4xx_hal_rcc_ex.o
LOAD ./Drivers/STM32F4xx_HAL_Driver/Src/stm32f4xx_hal_tim.o
LOAD ./Drivers/STM32F4xx_HAL_Driver/Src/stm32f4xx_hal_tim_ex.o
LOAD ./Drivers/STM32F4xx_HAL_Driver/Src/stm32f4xx_hal_uart.o
LOAD ./Drivers/STM32F4xx_HAL_Driver/Src/stm32f4xx_ll_adc.o
LOAD ./Drivers/STM32F4xx_HAL_Driver/Src/stm32f4xx_ll_usb.o
START GROUP
LOAD /opt/st/stm32cubeide_1.19.0/plugins/com.st.stm32cube.ide.mcu.externaltools.gnu-tools-for-stm32.13.3.rel1.linux64_1.0.0.202410170706/tools/bin/../lib/gcc/arm-none-eabi/13.3.1/../../../../arm-none-eabi/lib/thumb/v7e-m+fp/hard/libstdc++_nano.a
LOAD /opt/st/stm32cubeide_1.19.0/plugins/com.st.stm32cube.ide.mcu.externaltools.gnu-tools-for-stm32.13.3.rel1.linux64_1.0.0.202410170706/tools/bin/../lib/gcc/arm-none-eabi/13.3.1/../../../../arm-none-eabi/lib/thumb/v7e-m+fp/hard/libsupc++_nano.a
END GROUP
LOAD /opt/st/stm32cubeide_1.19.0/plugins/com.st.stm32cube.ide.mcu.externaltools.gnu-tools-for-stm32.13.3.rel1.linux64_1.0.0.202410170706/tools/bin/../lib/gcc/arm-none-eabi/13.3.1/../../../../arm-none-eabi/lib/thumb/v7e-m+fp/hard/libstdc++_nano.a
LOAD /opt/st/stm32cubeide_1.19.0/plugins/com.st.stm32cube.ide.mcu.externaltools.gnu-tools-for-stm32.13.3.rel1.linux64_1.0.0.202410170706/tools/bin/../lib/gcc/arm-none-eabi/13.3.1/../../../../arm-none-eabi/lib/thumb/v7e-m+fp/hard/libm.a
LOAD /opt/st/stm32cubeide_1.19.0/plugins/com.st.stm32cube.ide.mcu.externaltools.gnu-tools-for-stm32.13.3.rel1.linux64_1.0.0.202410170706/tools/bin/../lib/gcc/arm-none-eabi/13.3.1/../../../../arm-none-eabi/lib/thumb/v7e-m+fp/hard/libc_nano.a
START GROUP
LOAD /opt/st/stm32cubeide_1.19.0/plugins/com.st.stm32cube.ide.mcu.externaltools.gnu-tools-for-stm32.13.3.rel1.linux64_1.0.0.202410170706/tools/bin/../lib/gcc/arm-none-eabi/13.3.1/thumb/v7e-m+fp/hard/libgcc.a
LOAD /opt/st/stm32cubeide_1.19.0/plugins/com.st.stm32cube.ide.mcu.externaltools.gnu-tools-for-stm32.13.3.rel1.linux64_1.0.0.202410170706/tools/bin/../lib/gcc/arm-none-eabi/13.3.1/../../../../arm-none-eabi/lib/thumb/v7e-m+fp/hard/libc_nano.a
END GROUP
START GROUP
LOAD /opt/st/stm32cubeide_1.19.0/plugins/com.st.stm32cube.ide.mcu.externaltools.gnu-tools-for-stm32.13.3.rel1.linux64_1.0.0.202410170706/tools/bin/../lib/gcc/arm-none-eabi/13.3.1/thumb/v7e-m+fp/hard/libgcc.a
LOAD /opt/st/stm32cubeide_1.19.0/plugins/com.st.stm32cube.ide.mcu.externaltools.gnu-tools-for-stm32.13.3.rel1.linux64_1.0.0.202410170706/tools/bin/../lib/gcc/arm-none-eabi/13.3.1/../../../../arm-none-eabi/lib/thumb/v7e-m+fp/hard/libc_nano.a
LOAD /opt/st/stm32cubeide_1.19.0/plugins/com.st.stm32cube.ide.mcu.externaltools.gnu-tools-for-stm32.13.3.rel1.linux64_1.0.0.202410170706/tools/bin/../lib/gcc/arm-none-eabi/13.3.1/../../../../arm-none-eabi/lib/thumb/v7e-m+fp/hard/libnosys.a
END GROUP
START GROUP
LOAD /opt/st/stm32cubeide_1.19.0/plugins/com.st.stm32cube.ide.mcu.externaltools.gnu-tools-for-stm32.13.3.rel1.linux64_1.0.0.202410170706/tools/bin/../lib/gcc/arm-none-eabi/13.3.1/thumb/v7e-m+fp/hard/libgcc.a
LOAD /opt/st/stm32cubeide_1.19.0/plugins/com.st.stm32cube.ide.mcu.externaltools.gnu-tools-for-stm32.13.3.rel1.linux64_1.0.0.202410170706/tools/bin/../lib/gcc/arm-none-eabi/13.3.1/../../../../arm-none-eabi/lib/thumb/v7e-m+fp/hard/libc_nano.a
LOAD /opt/st/stm32cubeide_1.19.0/plugins/com.st.stm32cube.ide.mcu.externaltools.gnu-tools-for-stm32.13.3.rel1.linux64_1.0.0.202410170706/tools/bin/../lib/gcc/arm-none-eabi/13.3.1/../../../../arm-none-eabi/lib/thumb/v7e-m+fp/hard/libnosys.a
END GROUP
LOAD /opt/st/stm32cubeide_1.19.0/plugins/com.st.stm32cube.ide.mcu.externaltools.gnu-tools-for-stm32.13.3.rel1.linux64_1.0.0.202410170706/tools/bin/../lib/gcc/arm-none-eabi/13.3.1/thumb/v7e-m+fp/hard/crtend.o
LOAD /opt/st/stm32cubeide_1.19.0/plugins/com.st.stm32cube.ide.mcu.externaltools.gnu-tools-for-stm32.13.3.rel1.linux64_1.0.0.202410170706/tools/bin/../lib/gcc/arm-none-eabi/13.3.1/thumb/v7e-m+fp/hard/crtn.o
                0x20030000                        _estack = (ORIGIN (RAM) + LENGTH (RAM))
                0x00000200                        _Min_Heap_Size = 0x200
                0x00000400                        _Min_Stack_Size = 0x400

.isr_vector     0x08000000      0x1ac
                0x08000000                        . = ALIGN (0x4)
 *(.isr_vector)
 .isr_vector    0x08000000      0x1ac ./Core/Startup/startup_stm32f429zitx.o
                0x08000000                g_pfnVectors
                0x080001ac                        . = ALIGN (0x4)

.text           0x080001b0     0x6d40
                0x080001b0                        . = ALIGN (0x4)
 *(.text)
 .text          0x080001b0       0x40 /opt/st/stm32cubeide_1.19.0/plugins/com.st.stm32cube.ide.mcu.externaltools.gnu-tools-for-stm32.13.3.rel1.linux64_1.0.0.202410170706/tools/bin/../lib/gcc/arm-none-eabi/13.3.1/thumb/v7e-m+fp/hard/crtbegin.o
 .text          0x080001f0       0x10 /opt/st/stm32cubeide_1.19.0/plugins/com.st.stm32cube.ide.mcu.externaltools.gnu-tools-for-stm32.13.3.rel1.linux64_1.0.0.202410170706/tools/bin/../lib/gcc/arm-none-eabi/13.3.1/../../../../arm-none-eabi/lib/thumb/v7e-m+fp/hard/libc_nano.a(libc_a-strlen.o)
                0x080001f0                strlen
 .text          0x08000200       0xa0 /opt/st/stm32cubeide_1.19.0/plugins/com.st.stm32cube.ide.mcu.externaltools.gnu-tools-for-stm32.13.3.rel1.linux64_1.0.0.202410170706/tools/bin/../lib/gcc/arm-none-eabi/13.3.1/../../../../arm-none-eabi/lib/thumb/v7e-m+fp/hard/libc_nano.a(libc_a-memchr.o)
                0x08000200                memchr
 .text          0x080002a0      0x378 /opt/st/stm32cubeide_1.19.0/plugins/com.st.stm32cube.ide.mcu.externaltools.gnu-tools-for-stm32.13.3.rel1.linux64_1.0.0.202410170706/tools/bin/../lib/gcc/arm-none-eabi/13.3.1/thumb/v7e-m+fp/hard/libgcc.a(_arm_addsubdf3.o)
                0x080002a0                __aeabi_drsub
                0x080002a8                __aeabi_dsub
                0x080002a8                __subdf3
                0x080002ac                __adddf3
                0x080002ac                __aeabi_dadd
                0x08000524                __aeabi_ui2d
                0x08000524                __floatunsidf
                0x08000544                __floatsidf
                0x08000544                __aeabi_i2d
                0x08000568                __extendsfdf2
                0x08000568                __aeabi_f2d
                0x080005ac                __aeabi_ul2d
                0x080005ac                __floatundidf
                0x080005bc                __floatdidf
                0x080005bc                __aeabi_l2d
 .text          0x08000618       0x50 /opt/st/stm32cubeide_1.19.0/plugins/com.st.stm32cube.ide.mcu.externaltools.gnu-tools-for-stm32.13.3.rel1.linux64_1.0.0.202410170706/tools/bin/../lib/gcc/arm-none-eabi/13.3.1/thumb/v7e-m+fp/hard/libgcc.a(_arm_fixdfsi.o)
                0x08000618                __fixdfsi
                0x08000618                __aeabi_d2iz
 .text          0x08000668       0x30 /opt/st/stm32cubeide_1.19.0/plugins/com.st.stm32cube.ide.mcu.externaltools.gnu-tools-for-stm32.13.3.rel1.linux64_1.0.0.202410170706/tools/bin/../lib/gcc/arm-none-eabi/13.3.1/thumb/v7e-m+fp/hard/libgcc.a(_aeabi_uldivmod.o)
                0x08000668                __aeabi_uldivmod
 .text          0x08000698      0x2f8 /opt/st/stm32cubeide_1.19.0/plugins/com.st.stm32cube.ide.mcu.externaltools.gnu-tools-for-stm32.13.3.rel1.linux64_1.0.0.202410170706/tools/bin/../lib/gcc/arm-none-eabi/13.3.1/thumb/v7e-m+fp/hard/libgcc.a(_udivmoddi4.o)
                0x08000698                __udivmoddi4
 .text          0x08000990        0x4 /opt/st/stm32cubeide_1.19.0/plugins/com.st.stm32cube.ide.mcu.externaltools.gnu-tools-for-stm32.13.3.rel1.linux64_1.0.0.202410170706/tools/bin/../lib/gcc/arm-none-eabi/13.3.1/thumb/v7e-m+fp/hard/libgcc.a(_dvmd_tls.o)
                0x08000990                __aeabi_ldiv0
                0x08000990                __aeabi_idiv0
 *(.text*)
 .text._ZN8LEDArrayC2EP12GPIO_TypeDefPth
                0x08000994       0x5c ./Core/Src/LEDArray.o
                0x08000994                LEDArray::LEDArray(GPIO_TypeDef*, unsigned short*, unsigned char)
                0x08000994                LEDArray::LEDArray(GPIO_TypeDef*, unsigned short*, unsigned char)
 .text._ZN8LEDArray8setnledsEi
                0x080009f0       0x7e ./Core/Src/LEDArray.o
                0x080009f0                LEDArray::setnleds(int)
 *fill*         0x08000a6e        0x2 
 .text._ZN8LEDArrayD2Ev
                0x08000a70       0x20 ./Core/Src/LEDArray.o
                0x08000a70                LEDArray::~LEDArray()
                0x08000a70                LEDArray::~LEDArray()
 .text._ZN8LEDArrayD0Ev
                0x08000a90       0x20 ./Core/Src/LEDArray.o
                0x08000a90                LEDArray::~LEDArray()
 .text._ZN13funkSteckdose17delayMicrosecondsEm
                0x08000ab0       0x46 ./Core/Src/funkSteckdose.o
                0x08000ab0                funkSteckdose::delayMicroseconds(unsigned long)
 .text._ZN13funkSteckdose20delay350MicrosecondsEi
                0x08000af6       0x24 ./Core/Src/funkSteckdose.o
                0x08000af6                funkSteckdose::delay350Microseconds(int)
 *fill*         0x08000b1a        0x2 
 .text._ZN13funkSteckdose8transmitEii
                0x08000b1c       0x3c ./Core/Src/funkSteckdose.o
                0x08000b1c                funkSteckdose::transmit(int, int)
 .text._ZN13funkSteckdose12sendSequenceEth
                0x08000b58       0x80 ./Core/Src/funkSteckdose.o
                0x08000b58                funkSteckdose::sendSequence(unsigned short, unsigned char)
 .text._ZN13funkSteckdoseC2E17TIM_HandleTypeDef
                0x08000bd8       0x3c ./Core/Src/funkSteckdose.o
                0x08000bd8                funkSteckdose::funkSteckdose(TIM_HandleTypeDef)
                0x08000bd8                funkSteckdose::funkSteckdose(TIM_HandleTypeDef)
 .text._ZN13funkSteckdoseD2Ev
                0x08000c14       0x20 ./Core/Src/funkSteckdose.o
                0x08000c14                funkSteckdose::~funkSteckdose()
                0x08000c14                funkSteckdose::~funkSteckdose()
 .text._ZN13funkSteckdoseD0Ev
                0x08000c34       0x20 ./Core/Src/funkSteckdose.o
                0x08000c34                funkSteckdose::~funkSteckdose()
 .text._ZN13funkSteckdose3einEv
                0x08000c54       0x1c ./Core/Src/funkSteckdose.o
                0x08000c54                funkSteckdose::ein()
 .text._Z19testSteckdoseEinAusv
                0x08000c70       0x4c ./Core/Src/main.o
                0x08000c70                testSteckdoseEinAus()
 .text._Z17processHalfBufferPt
                0x08000cbc       0x64 ./Core/Src/main.o
                0x08000cbc                processHalfBuffer(unsigned short*)
 .text.HAL_I2S_RxHalfCpltCallback
                0x08000d20       0x34 ./Core/Src/main.o
                0x08000d20                HAL_I2S_RxHalfCpltCallback
 .text.HAL_I2S_RxCpltCallback
                0x08000d54       0x34 ./Core/Src/main.o
                0x08000d54                HAL_I2S_RxCpltCallback
 .text.main     0x08000d88      0x190 ./Core/Src/main.o
                0x08000d88                main
 .text._Z18SystemClock_Configv
                0x08000f18       0xe8 ./Core/Src/main.o
                0x08000f18                SystemClock_Config()
 .text._ZL12MX_ADC1_Initv
                0x08001000       0xb8 ./Core/Src/main.o
 .text._ZL11MX_ETH_Initv
                0x080010b8       0xa4 ./Core/Src/main.o
 .text._ZL12MX_I2S2_Initv
                0x0800115c       0x64 ./Core/Src/main.o
 .text._ZL12MX_TIM2_Initv
                0x080011c0       0xb8 ./Core/Src/main.o
 .text._ZL19MX_USART3_UART_Initv
                0x08001278       0x5c ./Core/Src/main.o
 .text._ZL22MX_USB_OTG_FS_PCD_Initv
                0x080012d4       0x64 ./Core/Src/main.o
 .text._ZL11MX_DMA_Initv
                0x08001338       0x40 ./Core/Src/main.o
 .text._ZL12MX_GPIO_Initv
                0x08001378      0x180 ./Core/Src/main.o
 .text.Error_Handler
                0x080014f8        0xc ./Core/Src/main.o
                0x080014f8                Error_Handler
 .text._ZSt5roundIlEN9__gnu_cxx11__enable_ifIXsrSt12__is_integerIT_E7__valueEdE6__typeES3_
                0x08001504       0x24 ./Core/Src/main.o
                0x08001504                __gnu_cxx::__enable_if<std::__is_integer<long>::__value, double>::__type std::round<long>(long)
 .text._Z41__static_initialization_and_destruction_0v
                0x08001528       0x20 ./Core/Src/main.o
 .text._Z41__static_initialization_and_destruction_1v
                0x08001548       0x14 ./Core/Src/main.o
 .text._GLOBAL__sub_I_audioReady
                0x0800155c        0xa ./Core/Src/main.o
 .text._GLOBAL__sub_D_audioReady
                0x08001566        0xa ./Core/Src/main.o
 .text.HAL_MspInit
                0x08001570       0x50 ./Core/Src/stm32f4xx_hal_msp.o
                0x08001570                HAL_MspInit
 .text.HAL_ADC_MspInit
                0x080015c0       0x88 ./Core/Src/stm32f4xx_hal_msp.o
                0x080015c0                HAL_ADC_MspInit
 .text.HAL_ETH_MspInit
                0x08001648      0x18c ./Core/Src/stm32f4xx_hal_msp.o
                0x08001648                HAL_ETH_MspInit
 .text.HAL_I2S_MspInit
                0x080017d4      0x1ac ./Core/Src/stm32f4xx_hal_msp.o
                0x080017d4                HAL_I2S_MspInit
 .text.HAL_TIM_Base_MspInit
                0x08001980       0x40 ./Core/Src/stm32f4xx_hal_msp.o
                0x08001980                HAL_TIM_Base_MspInit
 .text.HAL_UART_MspInit
                0x080019c0       0x90 ./Core/Src/stm32f4xx_hal_msp.o
                0x080019c0                HAL_UART_MspInit
 .text.HAL_PCD_MspInit
                0x08001a50       0xb4 ./Core/Src/stm32f4xx_hal_msp.o
                0x08001a50                HAL_PCD_MspInit
 .text.NMI_Handler
                0x08001b04        0x8 ./Core/Src/stm32f4xx_it.o
                0x08001b04                NMI_Handler
 .text.HardFault_Handler
                0x08001b0c        0x8 ./Core/Src/stm32f4xx_it.o
                0x08001b0c                HardFault_Handler
 .text.MemManage_Handler
                0x08001b14        0x8 ./Core/Src/stm32f4xx_it.o
                0x08001b14                MemManage_Handler
 .text.BusFault_Handler
                0x08001b1c        0x8 ./Core/Src/stm32f4xx_it.o
                0x08001b1c                BusFault_Handler
 .text.UsageFault_Handler
                0x08001b24        0x8 ./Core/Src/stm32f4xx_it.o
                0x08001b24                UsageFault_Handler
 .text.SVC_Handler
                0x08001b2c        0xe ./Core/Src/stm32f4xx_it.o
                0x08001b2c                SVC_Handler
 .text.DebugMon_Handler
                0x08001b3a        0xe ./Core/Src/stm32f4xx_it.o
                0x08001b3a                DebugMon_Handler
 .text.PendSV_Handler
                0x08001b48        0xe ./Core/Src/stm32f4xx_it.o
                0x08001b48                PendSV_Handler
 .text.SysTick_Handler
                0x08001b56        0xc ./Core/Src/stm32f4xx_it.o
                0x08001b56                SysTick_Handler
 *fill*         0x08001b62        0x2 
 .text.DMA1_Stream3_IRQHandler
                0x08001b64       0x14 ./Core/Src/stm32f4xx_it.o
                0x08001b64                DMA1_Stream3_IRQHandler
 .text._sbrk    0x08001b78       0x6c ./Core/Src/sysmem.o
                0x08001b78                _sbrk
 .text.SystemInit
                0x08001be4       0x24 ./Core/Src/system_stm32f4xx.o
                0x08001be4                SystemInit
 .text.Reset_Handler
                0x08001c08       0x50 ./Core/Startup/startup_stm32f429zitx.o
                0x08001c08                Reset_Handler
 .text.Default_Handler
                0x08001c58        0x2 ./Core/Startup/startup_stm32f429zitx.o
                0x08001c58                RTC_Alarm_IRQHandler
                0x08001c58                HASH_RNG_IRQHandler
                0x08001c58                EXTI2_IRQHandler
                0x08001c58                TIM8_CC_IRQHandler
                0x08001c58                UART8_IRQHandler
                0x08001c58                SPI4_IRQHandler
                0x08001c58                TIM1_CC_IRQHandler
                0x08001c58                DMA2_Stream5_IRQHandler
                0x08001c58                DMA1_Stream5_IRQHandler
                0x08001c58                PVD_IRQHandler
                0x08001c58                SDIO_IRQHandler
                0x08001c58                TAMP_STAMP_IRQHandler
                0x08001c58                CAN2_RX1_IRQHandler
                0x08001c58                EXTI3_IRQHandler
                0x08001c58                TIM8_TRG_COM_TIM14_IRQHandler
                0x08001c58                TIM1_UP_TIM10_IRQHandler
                0x08001c58                TIM8_UP_TIM13_IRQHandler
                0x08001c58                I2C3_ER_IRQHandler
                0x08001c58                EXTI0_IRQHandler
                0x08001c58                I2C2_EV_IRQHandler
                0x08001c58                DMA1_Stream2_IRQHandler
                0x08001c58                CAN1_RX0_IRQHandler
                0x08001c58                FPU_IRQHandler
                0x08001c58                OTG_HS_WKUP_IRQHandler
                0x08001c58                LTDC_ER_IRQHandler
                0x08001c58                CAN2_SCE_IRQHandler
                0x08001c58                DMA2_Stream2_IRQHandler
                0x08001c58                SPI1_IRQHandler
                0x08001c58                TIM6_DAC_IRQHandler
                0x08001c58                TIM1_BRK_TIM9_IRQHandler
                0x08001c58                DCMI_IRQHandler
                0x08001c58                CAN2_RX0_IRQHandler
                0x08001c58                DMA2_Stream3_IRQHandler
                0x08001c58                USART6_IRQHandler
                0x08001c58                USART3_IRQHandler
                0x08001c58                CAN1_RX1_IRQHandler
                0x08001c58                UART5_IRQHandler
                0x08001c58                DMA2_Stream0_IRQHandler
                0x08001c58                TIM4_IRQHandler
                0x08001c58                I2C1_EV_IRQHandler
                0x08001c58                DMA1_Stream6_IRQHandler
                0x08001c58                DMA1_Stream1_IRQHandler
                0x08001c58                UART4_IRQHandler
                0x08001c58                TIM3_IRQHandler
                0x08001c58                RCC_IRQHandler
                0x08001c58                TIM8_BRK_TIM12_IRQHandler
                0x08001c58                Default_Handler
                0x08001c58                EXTI15_10_IRQHandler
                0x08001c58                ADC_IRQHandler
                0x08001c58                DMA1_Stream7_IRQHandler
                0x08001c58                SPI5_IRQHandler
                0x08001c58                TIM7_IRQHandler
                0x08001c58                CAN2_TX_IRQHandler
                0x08001c58                TIM5_IRQHandler
                0x08001c58                DMA2_Stream7_IRQHandler
                0x08001c58                I2C3_EV_IRQHandler
                0x08001c58                EXTI9_5_IRQHandler
                0x08001c58                RTC_WKUP_IRQHandler
                0x08001c58                LTDC_IRQHandler
                0x08001c58                ETH_WKUP_IRQHandler
                0x08001c58                SPI2_IRQHandler
                0x08001c58                OTG_HS_EP1_IN_IRQHandler
                0x08001c58                DMA1_Stream0_IRQHandler
                0x08001c58                CAN1_TX_IRQHandler
                0x08001c58                EXTI4_IRQHandler
                0x08001c58                ETH_IRQHandler
                0x08001c58                OTG_HS_EP1_OUT_IRQHandler
                0x08001c58                WWDG_IRQHandler
                0x08001c58                SPI6_IRQHandler
                0x08001c58                TIM2_IRQHandler
                0x08001c58                OTG_FS_WKUP_IRQHandler
                0x08001c58                TIM1_TRG_COM_TIM11_IRQHandler
                0x08001c58                OTG_HS_IRQHandler
                0x08001c58                DMA2D_IRQHandler
                0x08001c58                EXTI1_IRQHandler
                0x08001c58                UART7_IRQHandler
                0x08001c58                USART2_IRQHandler
                0x08001c58                I2C2_ER_IRQHandler
                0x08001c58                DMA2_Stream1_IRQHandler
                0x08001c58                CAN1_SCE_IRQHandler
                0x08001c58                FLASH_IRQHandler
                0x08001c58                DMA2_Stream4_IRQHandler
                0x08001c58                USART1_IRQHandler
                0x08001c58                OTG_FS_IRQHandler
                0x08001c58                SPI3_IRQHandler
                0x08001c58                DMA1_Stream4_IRQHandler
                0x08001c58                I2C1_ER_IRQHandler
                0x08001c58                FMC_IRQHandler
                0x08001c58                DMA2_Stream6_IRQHandler
                0x08001c58                SAI1_IRQHandler
 *fill*         0x08001c5a        0x2 
 .text.HAL_Init
                0x08001c5c       0x44 ./Drivers/STM32F4xx_HAL_Driver/Src/stm32f4xx_hal.o
                0x08001c5c                HAL_Init
 .text.HAL_InitTick
                0x08001ca0       0x60 ./Drivers/STM32F4xx_HAL_Driver/Src/stm32f4xx_hal.o
                0x08001ca0                HAL_InitTick
 .text.HAL_IncTick
                0x08001d00       0x28 ./Drivers/STM32F4xx_HAL_Driver/Src/stm32f4xx_hal.o
                0x08001d00                HAL_IncTick
 .text.HAL_GetTick
                0x08001d28       0x18 ./Drivers/STM32F4xx_HAL_Driver/Src/stm32f4xx_hal.o
                0x08001d28                HAL_GetTick
 .text.HAL_Delay
                0x08001d40       0x48 ./Drivers/STM32F4xx_HAL_Driver/Src/stm32f4xx_hal.o
                0x08001d40                HAL_Delay
 .text.HAL_ADC_Init
                0x08001d88       0x86 ./Drivers/STM32F4xx_HAL_Driver/Src/stm32f4xx_hal_adc.o
                0x08001d88                HAL_ADC_Init
 *fill*         0x08001e0e        0x2 
 .text.HAL_ADC_ConfigChannel
                0x08001e10      0x264 ./Drivers/STM32F4xx_HAL_Driver/Src/stm32f4xx_hal_adc.o
                0x08001e10                HAL_ADC_ConfigChannel
 .text.ADC_Init
                0x08002074      0x1f8 ./Drivers/STM32F4xx_HAL_Driver/Src/stm32f4xx_hal_adc.o
 .text.__NVIC_SetPriorityGrouping
                0x0800226c       0x48 ./Drivers/STM32F4xx_HAL_Driver/Src/stm32f4xx_hal_cortex.o
 .text.__NVIC_GetPriorityGrouping
                0x080022b4       0x1c ./Drivers/STM32F4xx_HAL_Driver/Src/stm32f4xx_hal_cortex.o
 .text.__NVIC_EnableIRQ
                0x080022d0       0x3c ./Drivers/STM32F4xx_HAL_Driver/Src/stm32f4xx_hal_cortex.o
 .text.__NVIC_SetPriority
                0x0800230c       0x54 ./Drivers/STM32F4xx_HAL_Driver/Src/stm32f4xx_hal_cortex.o
 .text.NVIC_EncodePriority
                0x08002360       0x66 ./Drivers/STM32F4xx_HAL_Driver/Src/stm32f4xx_hal_cortex.o
 *fill*         0x080023c6        0x2 
 .text.SysTick_Config
                0x080023c8       0x44 ./Drivers/STM32F4xx_HAL_Driver/Src/stm32f4xx_hal_cortex.o
 .text.HAL_NVIC_SetPriorityGrouping
                0x0800240c       0x16 ./Drivers/STM32F4xx_HAL_Driver/Src/stm32f4xx_hal_cortex.o
                0x0800240c                HAL_NVIC_SetPriorityGrouping
 .text.HAL_NVIC_SetPriority
                0x08002422       0x38 ./Drivers/STM32F4xx_HAL_Driver/Src/stm32f4xx_hal_cortex.o
                0x08002422                HAL_NVIC_SetPriority
 .text.HAL_NVIC_EnableIRQ
                0x0800245a       0x1c ./Drivers/STM32F4xx_HAL_Driver/Src/stm32f4xx_hal_cortex.o
                0x0800245a                HAL_NVIC_EnableIRQ
 .text.HAL_SYSTICK_Config
                0x08002476       0x18 ./Drivers/STM32F4xx_HAL_Driver/Src/stm32f4xx_hal_cortex.o
                0x08002476                HAL_SYSTICK_Config
 *fill*         0x0800248e        0x2 
 .text.HAL_DMA_Init
                0x08002490      0x15c ./Drivers/STM32F4xx_HAL_Driver/Src/stm32f4xx_hal_dma.o
                0x08002490                HAL_DMA_Init
 .text.HAL_DMA_Start_IT
                0x080025ec       0xb0 ./Drivers/STM32F4xx_HAL_Driver/Src/stm32f4xx_hal_dma.o
                0x080025ec                HAL_DMA_Start_IT
 .text.HAL_DMA_IRQHandler
                0x0800269c      0x314 ./Drivers/STM32F4xx_HAL_Driver/Src/stm32f4xx_hal_dma.o
                0x0800269c                HAL_DMA_IRQHandler
 .text.DMA_SetConfig
                0x080029b0       0x5c ./Drivers/STM32F4xx_HAL_Driver/Src/stm32f4xx_hal_dma.o
 .text.DMA_CalcBaseAndBitshift
                0x08002a0c       0x6c ./Drivers/STM32F4xx_HAL_Driver/Src/stm32f4xx_hal_dma.o
 .text.DMA_CheckFifoParam
                0x08002a78       0xf8 ./Drivers/STM32F4xx_HAL_Driver/Src/stm32f4xx_hal_dma.o
 .text.HAL_ETH_Init
                0x08002b70      0x138 ./Drivers/STM32F4xx_HAL_Driver/Src/stm32f4xx_hal_eth.o
                0x08002b70                HAL_ETH_Init
 .text.ETH_SetMACConfig
                0x08002ca8      0x168 ./Drivers/STM32F4xx_HAL_Driver/Src/stm32f4xx_hal_eth.o
 .text.ETH_SetDMAConfig
                0x08002e10      0x114 ./Drivers/STM32F4xx_HAL_Driver/Src/stm32f4xx_hal_eth.o
 .text.ETH_MACDMAConfig
                0x08002f24       0xea ./Drivers/STM32F4xx_HAL_Driver/Src/stm32f4xx_hal_eth.o
 *fill*         0x0800300e        0x2 
 .text.ETH_MACAddressConfig
                0x08003010       0x70 ./Drivers/STM32F4xx_HAL_Driver/Src/stm32f4xx_hal_eth.o
 .text.ETH_DMATxDescListInit
                0x08003080       0xb2 ./Drivers/STM32F4xx_HAL_Driver/Src/stm32f4xx_hal_eth.o
 .text.ETH_DMARxDescListInit
                0x08003132       0xde ./Drivers/STM32F4xx_HAL_Driver/Src/stm32f4xx_hal_eth.o
 .text.HAL_GPIO_Init
                0x08003210      0x358 ./Drivers/STM32F4xx_HAL_Driver/Src/stm32f4xx_hal_gpio.o
                0x08003210                HAL_GPIO_Init
 .text.HAL_GPIO_WritePin
                0x08003568       0x32 ./Drivers/STM32F4xx_HAL_Driver/Src/stm32f4xx_hal_gpio.o
                0x08003568                HAL_GPIO_WritePin
 *fill*         0x0800359a        0x2 
 .text.HAL_I2S_Init
                0x0800359c      0x280 ./Drivers/STM32F4xx_HAL_Driver/Src/stm32f4xx_hal_i2s.o
                0x0800359c                HAL_I2S_Init
 .text.HAL_I2S_Receive_DMA
                0x0800381c      0x170 ./Drivers/STM32F4xx_HAL_Driver/Src/stm32f4xx_hal_i2s.o
                0x0800381c                HAL_I2S_Receive_DMA
 .text.HAL_I2S_TxCpltCallback
                0x0800398c       0x14 ./Drivers/STM32F4xx_HAL_Driver/Src/stm32f4xx_hal_i2s.o
                0x0800398c                HAL_I2S_TxCpltCallback
 .text.HAL_I2S_ErrorCallback
                0x080039a0       0x14 ./Drivers/STM32F4xx_HAL_Driver/Src/stm32f4xx_hal_i2s.o
                0x080039a0                HAL_I2S_ErrorCallback
 .text.I2S_DMARxCplt
                0x080039b4       0x42 ./Drivers/STM32F4xx_HAL_Driver/Src/stm32f4xx_hal_i2s.o
 .text.I2S_DMARxHalfCplt
                0x080039f6       0x1c ./Drivers/STM32F4xx_HAL_Driver/Src/stm32f4xx_hal_i2s.o
 .text.I2S_DMAError
                0x08003a12       0x4c ./Drivers/STM32F4xx_HAL_Driver/Src/stm32f4xx_hal_i2s.o
 .text.I2S_Transmit_IT
                0x08003a5e       0x5c ./Drivers/STM32F4xx_HAL_Driver/Src/stm32f4xx_hal_i2s.o
 .text.I2S_Receive_IT
                0x08003aba       0x5e ./Drivers/STM32F4xx_HAL_Driver/Src/stm32f4xx_hal_i2s.o
 .text.I2S_IRQHandler
                0x08003b18      0x114 ./Drivers/STM32F4xx_HAL_Driver/Src/stm32f4xx_hal_i2s.o
 .text.HAL_I2SEx_FullDuplex_IRQHandler
                0x08003c2c      0x2a8 ./Drivers/STM32F4xx_HAL_Driver/Src/stm32f4xx_hal_i2s_ex.o
                0x08003c2c                HAL_I2SEx_FullDuplex_IRQHandler
 .text.HAL_I2SEx_TxRxCpltCallback
                0x08003ed4       0x14 ./Drivers/STM32F4xx_HAL_Driver/Src/stm32f4xx_hal_i2s_ex.o
                0x08003ed4                HAL_I2SEx_TxRxCpltCallback
 .text.I2SEx_TxISR_I2S
                0x08003ee8       0x62 ./Drivers/STM32F4xx_HAL_Driver/Src/stm32f4xx_hal_i2s_ex.o
 *fill*         0x08003f4a        0x2 
 .text.I2SEx_TxISR_I2SExt
                0x08003f4c       0x98 ./Drivers/STM32F4xx_HAL_Driver/Src/stm32f4xx_hal_i2s_ex.o
 .text.I2SEx_RxISR_I2S
                0x08003fe4       0x64 ./Drivers/STM32F4xx_HAL_Driver/Src/stm32f4xx_hal_i2s_ex.o
 .text.I2SEx_RxISR_I2SExt
                0x08004048       0x98 ./Drivers/STM32F4xx_HAL_Driver/Src/stm32f4xx_hal_i2s_ex.o
 .text.HAL_PCD_Init
                0x080040e0      0x21e ./Drivers/STM32F4xx_HAL_Driver/Src/stm32f4xx_hal_pcd.o
                0x080040e0                HAL_PCD_Init
 *fill*         0x080042fe        0x2 
 .text.HAL_RCC_OscConfig
                0x08004300      0x4f0 ./Drivers/STM32F4xx_HAL_Driver/Src/stm32f4xx_hal_rcc.o
                0x08004300                HAL_RCC_OscConfig
 .text.HAL_RCC_ClockConfig
                0x080047f0      0x1cc ./Drivers/STM32F4xx_HAL_Driver/Src/stm32f4xx_hal_rcc.o
                0x080047f0                HAL_RCC_ClockConfig
 .text.HAL_RCC_GetSysClockFreq
                0x080049bc      0x20c ./Drivers/STM32F4xx_HAL_Driver/Src/stm32f4xx_hal_rcc.o
                0x080049bc                HAL_RCC_GetSysClockFreq
 .text.HAL_RCC_GetHCLKFreq
                0x08004bc8       0x18 ./Drivers/STM32F4xx_HAL_Driver/Src/stm32f4xx_hal_rcc.o
                0x08004bc8                HAL_RCC_GetHCLKFreq
 .text.HAL_RCC_GetPCLK1Freq
                0x08004be0       0x28 ./Drivers/STM32F4xx_HAL_Driver/Src/stm32f4xx_hal_rcc.o
                0x08004be0                HAL_RCC_GetPCLK1Freq
 .text.HAL_RCC_GetPCLK2Freq
                0x08004c08       0x28 ./Drivers/STM32F4xx_HAL_Driver/Src/stm32f4xx_hal_rcc.o
                0x08004c08                HAL_RCC_GetPCLK2Freq
 .text.HAL_RCCEx_PeriphCLKConfig
                0x08004c30      0x380 ./Drivers/STM32F4xx_HAL_Driver/Src/stm32f4xx_hal_rcc_ex.o
                0x08004c30                HAL_RCCEx_PeriphCLKConfig
 .text.HAL_RCCEx_GetPeriphCLKFreq
                0x08004fb0       0xc0 ./Drivers/STM32F4xx_HAL_Driver/Src/stm32f4xx_hal_rcc_ex.o
                0x08004fb0                HAL_RCCEx_GetPeriphCLKFreq
 .text.HAL_TIM_Base_Init
                0x08005070       0x9e ./Drivers/STM32F4xx_HAL_Driver/Src/stm32f4xx_hal_tim.o
                0x08005070                HAL_TIM_Base_Init
 *fill*         0x0800510e        0x2 
 .text.HAL_TIM_Base_Start
                0x08005110       0xd0 ./Drivers/STM32F4xx_HAL_Driver/Src/stm32f4xx_hal_tim.o
                0x08005110                HAL_TIM_Base_Start
 .text.HAL_TIM_Base_Stop
                0x080051e0       0x4e ./Drivers/STM32F4xx_HAL_Driver/Src/stm32f4xx_hal_tim.o
                0x080051e0                HAL_TIM_Base_Stop
 .text.HAL_TIM_ConfigClockSource
                0x0800522e      0x18e ./Drivers/STM32F4xx_HAL_Driver/Src/stm32f4xx_hal_tim.o
                0x0800522e                HAL_TIM_ConfigClockSource
 .text.TIM_Base_SetConfig
                0x080053bc      0x14c ./Drivers/STM32F4xx_HAL_Driver/Src/stm32f4xx_hal_tim.o
                0x080053bc                TIM_Base_SetConfig
 .text.TIM_TI1_ConfigInputStage
                0x08005508       0x5e ./Drivers/STM32F4xx_HAL_Driver/Src/stm32f4xx_hal_tim.o
 .text.TIM_TI2_ConfigInputStage
                0x08005566       0x60 ./Drivers/STM32F4xx_HAL_Driver/Src/stm32f4xx_hal_tim.o
 .text.TIM_ITRx_SetConfig
                0x080055c6       0x36 ./Drivers/STM32F4xx_HAL_Driver/Src/stm32f4xx_hal_tim.o
 .text.TIM_ETR_SetConfig
                0x080055fc       0x40 ./Drivers/STM32F4xx_HAL_Driver/Src/stm32f4xx_hal_tim.o
                0x080055fc                TIM_ETR_SetConfig
 .text.HAL_TIMEx_MasterConfigSynchronization
                0x0800563c       0xf8 ./Drivers/STM32F4xx_HAL_Driver/Src/stm32f4xx_hal_tim_ex.o
                0x0800563c                HAL_TIMEx_MasterConfigSynchronization
 .text.HAL_UART_Init
                0x08005734       0xa0 ./Drivers/STM32F4xx_HAL_Driver/Src/stm32f4xx_hal_uart.o
                0x08005734                HAL_UART_Init
 .text.HAL_UART_Transmit
                0x080057d4      0x116 ./Drivers/STM32F4xx_HAL_Driver/Src/stm32f4xx_hal_uart.o
                0x080057d4                HAL_UART_Transmit
 .text.UART_WaitOnFlagUntilTimeout
                0x080058ea       0xb2 ./Drivers/STM32F4xx_HAL_Driver/Src/stm32f4xx_hal_uart.o
 .text.UART_EndRxTransfer
                0x0800599c       0xc6 ./Drivers/STM32F4xx_HAL_Driver/Src/stm32f4xx_hal_uart.o
 *fill*         0x08005a62        0x2 
 .text.UART_SetConfig
                0x08005a64      0x4e8 ./Drivers/STM32F4xx_HAL_Driver/Src/stm32f4xx_hal_uart.o
 .text.USB_CoreInit
                0x08005f4c       0xc8 ./Drivers/STM32F4xx_HAL_Driver/Src/stm32f4xx_ll_usb.o
                0x08005f4c                USB_CoreInit
 .text.USB_DisableGlobalInt
                0x08006014       0x22 ./Drivers/STM32F4xx_HAL_Driver/Src/stm32f4xx_ll_usb.o
                0x08006014                USB_DisableGlobalInt
 .text.USB_SetCurrentMode
                0x08006036       0x98 ./Drivers/STM32F4xx_HAL_Driver/Src/stm32f4xx_ll_usb.o
                0x08006036                USB_SetCurrentMode
 *fill*         0x080060ce        0x2 
 .text.USB_DevInit
                0x080060d0      0x2c8 ./Drivers/STM32F4xx_HAL_Driver/Src/stm32f4xx_ll_usb.o
                0x080060d0                USB_DevInit
 .text.USB_FlushTxFifo
                0x08006398       0x64 ./Drivers/STM32F4xx_HAL_Driver/Src/stm32f4xx_ll_usb.o
                0x08006398                USB_FlushTxFifo
 .text.USB_FlushRxFifo
                0x080063fc       0x5c ./Drivers/STM32F4xx_HAL_Driver/Src/stm32f4xx_ll_usb.o
                0x080063fc                USB_FlushRxFifo
 .text.USB_SetDevSpeed
                0x08006458       0x32 ./Drivers/STM32F4xx_HAL_Driver/Src/stm32f4xx_ll_usb.o
                0x08006458                USB_SetDevSpeed
 .text.USB_DevDisconnect
                0x0800648a       0x42 ./Drivers/STM32F4xx_HAL_Driver/Src/stm32f4xx_ll_usb.o
                0x0800648a                USB_DevDisconnect
 .text.USB_GetMode
                0x080064cc       0x1c ./Drivers/STM32F4xx_HAL_Driver/Src/stm32f4xx_ll_usb.o
                0x080064cc                USB_GetMode
 .text.USB_CoreReset
                0x080064e8       0x70 ./Drivers/STM32F4xx_HAL_Driver/Src/stm32f4xx_ll_usb.o
 .text._ZdlPvj  0x08006558        0x4 /opt/st/stm32cubeide_1.19.0/plugins/com.st.stm32cube.ide.mcu.externaltools.gnu-tools-for-stm32.13.3.rel1.linux64_1.0.0.202410170706/tools/bin/../lib/gcc/arm-none-eabi/13.3.1/../../../../arm-none-eabi/lib/thumb/v7e-m+fp/hard/libstdc++_nano.a(del_ops.o)
                0x08006558                operator delete(void*, unsigned int)
 .text._ZdlPv   0x0800655c        0x4 /opt/st/stm32cubeide_1.19.0/plugins/com.st.stm32cube.ide.mcu.externaltools.gnu-tools-for-stm32.13.3.rel1.linux64_1.0.0.202410170706/tools/bin/../lib/gcc/arm-none-eabi/13.3.1/../../../../arm-none-eabi/lib/thumb/v7e-m+fp/hard/libstdc++_nano.a(del_op.o)
                0x0800655c                operator delete(void*)
 .text.free     0x08006560       0x10 /opt/st/stm32cubeide_1.19.0/plugins/com.st.stm32cube.ide.mcu.externaltools.gnu-tools-for-stm32.13.3.rel1.linux64_1.0.0.202410170706/tools/bin/../lib/gcc/arm-none-eabi/13.3.1/../../../../arm-none-eabi/lib/thumb/v7e-m+fp/hard/libc_nano.a(libc_a-malloc.o)
                0x08006560                free
 .text.sbrk_aligned
                0x08006570       0x44 /opt/st/stm32cubeide_1.19.0/plugins/com.st.stm32cube.ide.mcu.externaltools.gnu-tools-for-stm32.13.3.rel1.linux64_1.0.0.202410170706/tools/bin/../lib/gcc/arm-none-eabi/13.3.1/../../../../arm-none-eabi/lib/thumb/v7e-m+fp/hard/libc_nano.a(libc_a-mallocr.o)
 .text._malloc_r
                0x080065b4      0x100 /opt/st/stm32cubeide_1.19.0/plugins/com.st.stm32cube.ide.mcu.externaltools.gnu-tools-for-stm32.13.3.rel1.linux64_1.0.0.202410170706/tools/bin/../lib/gcc/arm-none-eabi/13.3.1/../../../../arm-none-eabi/lib/thumb/v7e-m+fp/hard/libc_nano.a(libc_a-mallocr.o)
                0x080065b4                _malloc_r
 .text.__malloc_lock
                0x080066b4        0xc /opt/st/stm32cubeide_1.19.0/plugins/com.st.stm32cube.ide.mcu.externaltools.gnu-tools-for-stm32.13.3.rel1.linux64_1.0.0.202410170706/tools/bin/../lib/gcc/arm-none-eabi/13.3.1/../../../../arm-none-eabi/lib/thumb/v7e-m+fp/hard/libc_nano.a(libc_a-mlock.o)
                0x080066b4                __malloc_lock
 .text.__malloc_unlock
                0x080066c0        0xc /opt/st/stm32cubeide_1.19.0/plugins/com.st.stm32cube.ide.mcu.externaltools.gnu-tools-for-stm32.13.3.rel1.linux64_1.0.0.202410170706/tools/bin/../lib/gcc/arm-none-eabi/13.3.1/../../../../arm-none-eabi/lib/thumb/v7e-m+fp/hard/libc_nano.a(libc_a-mlock.o)
                0x080066c0                __malloc_unlock
 .text.snprintf
                0x080066cc       0x6c /opt/st/stm32cubeide_1.19.0/plugins/com.st.stm32cube.ide.mcu.externaltools.gnu-tools-for-stm32.13.3.rel1.linux64_1.0.0.202410170706/tools/bin/../lib/gcc/arm-none-eabi/13.3.1/../../../../arm-none-eabi/lib/thumb/v7e-m+fp/hard/libc_nano.a(libc_a-snprintf.o)
                0x080066cc                snprintf
                0x080066cc                sniprintf
 .text.memset   0x08006738       0x10 /opt/st/stm32cubeide_1.19.0/plugins/com.st.stm32cube.ide.mcu.externaltools.gnu-tools-for-stm32.13.3.rel1.linux64_1.0.0.202410170706/tools/bin/../lib/gcc/arm-none-eabi/13.3.1/../../../../arm-none-eabi/lib/thumb/v7e-m+fp/hard/libc_nano.a(libc_a-memset.o)
                0x08006738                memset
 .text._sbrk_r  0x08006748       0x20 /opt/st/stm32cubeide_1.19.0/plugins/com.st.stm32cube.ide.mcu.externaltools.gnu-tools-for-stm32.13.3.rel1.linux64_1.0.0.202410170706/tools/bin/../lib/gcc/arm-none-eabi/13.3.1/../../../../arm-none-eabi/lib/thumb/v7e-m+fp/hard/libc_nano.a(libc_a-sbrkr.o)
                0x08006748                _sbrk_r
 .text.__errno  0x08006768        0xc /opt/st/stm32cubeide_1.19.0/plugins/com.st.stm32cube.ide.mcu.externaltools.gnu-tools-for-stm32.13.3.rel1.linux64_1.0.0.202410170706/tools/bin/../lib/gcc/arm-none-eabi/13.3.1/../../../../arm-none-eabi/lib/thumb/v7e-m+fp/hard/libc_nano.a(libc_a-errno.o)
                0x08006768                __errno
 .text.__libc_init_array
                0x08006774       0x48 /opt/st/stm32cubeide_1.19.0/plugins/com.st.stm32cube.ide.mcu.externaltools.gnu-tools-for-stm32.13.3.rel1.linux64_1.0.0.202410170706/tools/bin/../lib/gcc/arm-none-eabi/13.3.1/../../../../arm-none-eabi/lib/thumb/v7e-m+fp/hard/libc_nano.a(libc_a-init.o)
                0x08006774                __libc_init_array
 .text.__retarget_lock_acquire_recursive
                0x080067bc        0x2 /opt/st/stm32cubeide_1.19.0/plugins/com.st.stm32cube.ide.mcu.externaltools.gnu-tools-for-stm32.13.3.rel1.linux64_1.0.0.202410170706/tools/bin/../lib/gcc/arm-none-eabi/13.3.1/../../../../arm-none-eabi/lib/thumb/v7e-m+fp/hard/libc_nano.a(libc_a-lock.o)
                0x080067bc                __retarget_lock_acquire_recursive
 .text.__retarget_lock_release_recursive
                0x080067be        0x2 /opt/st/stm32cubeide_1.19.0/plugins/com.st.stm32cube.ide.mcu.externaltools.gnu-tools-for-stm32.13.3.rel1.linux64_1.0.0.202410170706/tools/bin/../lib/gcc/arm-none-eabi/13.3.1/../../../../arm-none-eabi/lib/thumb/v7e-m+fp/hard/libc_nano.a(libc_a-lock.o)
                0x080067be                __retarget_lock_release_recursive
 .text.memcpy   0x080067c0       0x1c /opt/st/stm32cubeide_1.19.0/plugins/com.st.stm32cube.ide.mcu.externaltools.gnu-tools-for-stm32.13.3.rel1.linux64_1.0.0.202410170706/tools/bin/../lib/gcc/arm-none-eabi/13.3.1/../../../../arm-none-eabi/lib/thumb/v7e-m+fp/hard/libc_nano.a(libc_a-memcpy-stub.o)
                0x080067c0                memcpy
 .text._free_r  0x080067dc       0x94 /opt/st/stm32cubeide_1.19.0/plugins/com.st.stm32cube.ide.mcu.externaltools.gnu-tools-for-stm32.13.3.rel1.linux64_1.0.0.202410170706/tools/bin/../lib/gcc/arm-none-eabi/13.3.1/../../../../arm-none-eabi/lib/thumb/v7e-m+fp/hard/libc_nano.a(libc_a-freer.o)
                0x080067dc                _free_r
 .text.__ssputs_r
                0x08006870       0xb6 /opt/st/stm32cubeide_1.19.0/plugins/com.st.stm32cube.ide.mcu.externaltools.gnu-tools-for-stm32.13.3.rel1.linux64_1.0.0.202410170706/tools/bin/../lib/gcc/arm-none-eabi/13.3.1/../../../../arm-none-eabi/lib/thumb/v7e-m+fp/hard/libc_nano.a(libc_a-nano-svfprintf.o)
                0x08006870                __ssputs_r
 *fill*         0x08006926        0x2 
 .text._svfprintf_r
                0x08006928      0x1f8 /opt/st/stm32cubeide_1.19.0/plugins/com.st.stm32cube.ide.mcu.externaltools.gnu-tools-for-stm32.13.3.rel1.linux64_1.0.0.202410170706/tools/bin/../lib/gcc/arm-none-eabi/13.3.1/../../../../arm-none-eabi/lib/thumb/v7e-m+fp/hard/libc_nano.a(libc_a-nano-svfprintf.o)
                0x08006928                _svfprintf_r
                0x08006928                _svfiprintf_r
 .text._printf_common
                0x08006b20       0xda /opt/st/stm32cubeide_1.19.0/plugins/com.st.stm32cube.ide.mcu.externaltools.gnu-tools-for-stm32.13.3.rel1.linux64_1.0.0.202410170706/tools/bin/../lib/gcc/arm-none-eabi/13.3.1/../../../../arm-none-eabi/lib/thumb/v7e-m+fp/hard/libc_nano.a(libc_a-nano-vfprintf_i.o)
                0x08006b20                _printf_common
 *fill*         0x08006bfa        0x2 
 .text._printf_i
                0x08006bfc      0x23c /opt/st/stm32cubeide_1.19.0/plugins/com.st.stm32cube.ide.mcu.externaltools.gnu-tools-for-stm32.13.3.rel1.linux64_1.0.0.202410170706/tools/bin/../lib/gcc/arm-none-eabi/13.3.1/../../../../arm-none-eabi/lib/thumb/v7e-m+fp/hard/libc_nano.a(libc_a-nano-vfprintf_i.o)
                0x08006bfc                _printf_i
 .text.memmove  0x08006e38       0x34 /opt/st/stm32cubeide_1.19.0/plugins/com.st.stm32cube.ide.mcu.externaltools.gnu-tools-for-stm32.13.3.rel1.linux64_1.0.0.202410170706/tools/bin/../lib/gcc/arm-none-eabi/13.3.1/../../../../arm-none-eabi/lib/thumb/v7e-m+fp/hard/libc_nano.a(libc_a-memmove.o)
                0x08006e38                memmove
 .text._realloc_r
                0x08006e6c       0x5c /opt/st/stm32cubeide_1.19.0/plugins/com.st.stm32cube.ide.mcu.externaltools.gnu-tools-for-stm32.13.3.rel1.linux64_1.0.0.202410170706/tools/bin/../lib/gcc/arm-none-eabi/13.3.1/../../../../arm-none-eabi/lib/thumb/v7e-m+fp/hard/libc_nano.a(libc_a-reallocr.o)
                0x08006e6c                _realloc_r
 .text._malloc_usable_size_r
                0x08006ec8       0x10 /opt/st/stm32cubeide_1.19.0/plugins/com.st.stm32cube.ide.mcu.externaltools.gnu-tools-for-stm32.13.3.rel1.linux64_1.0.0.202410170706/tools/bin/../lib/gcc/arm-none-eabi/13.3.1/../../../../arm-none-eabi/lib/thumb/v7e-m+fp/hard/libc_nano.a(libc_a-msizer.o)
                0x08006ec8                _malloc_usable_size_r
 *(.glue_7)
 .glue_7        0x08006ed8        0x0 linker stubs
 *(.glue_7t)
 .glue_7t       0x08006ed8        0x0 linker stubs
 *(.eh_frame)
 .eh_frame      0x08006ed8        0x0 /opt/st/stm32cubeide_1.19.0/plugins/com.st.stm32cube.ide.mcu.externaltools.gnu-tools-for-stm32.13.3.rel1.linux64_1.0.0.202410170706/tools/bin/../lib/gcc/arm-none-eabi/13.3.1/thumb/v7e-m+fp/hard/crtbegin.o
 *(.init)
 .init          0x08006ed8        0x4 /opt/st/stm32cubeide_1.19.0/plugins/com.st.stm32cube.ide.mcu.externaltools.gnu-tools-for-stm32.13.3.rel1.linux64_1.0.0.202410170706/tools/bin/../lib/gcc/arm-none-eabi/13.3.1/thumb/v7e-m+fp/hard/crti.o
                0x08006ed8                _init
 .init          0x08006edc        0x8 /opt/st/stm32cubeide_1.19.0/plugins/com.st.stm32cube.ide.mcu.externaltools.gnu-tools-for-stm32.13.3.rel1.linux64_1.0.0.202410170706/tools/bin/../lib/gcc/arm-none-eabi/13.3.1/thumb/v7e-m+fp/hard/crtn.o
 *(.fini)
 .fini          0x08006ee4        0x4 /opt/st/stm32cubeide_1.19.0/plugins/com.st.stm32cube.ide.mcu.externaltools.gnu-tools-for-stm32.13.3.rel1.linux64_1.0.0.202410170706/tools/bin/../lib/gcc/arm-none-eabi/13.3.1/thumb/v7e-m+fp/hard/crti.o
                0x08006ee4                _fini
 .fini          0x08006ee8        0x8 /opt/st/stm32cubeide_1.19.0/plugins/com.st.stm32cube.ide.mcu.externaltools.gnu-tools-for-stm32.13.3.rel1.linux64_1.0.0.202410170706/tools/bin/../lib/gcc/arm-none-eabi/13.3.1/thumb/v7e-m+fp/hard/crtn.o
                0x08006ef0                        . = ALIGN (0x4)
                0x08006ef0                        _etext = .

.vfp11_veneer   0x08006ef0        0x0
 .vfp11_veneer  0x08006ef0        0x0 linker stubs

.v4_bx          0x08006ef0        0x0
 .v4_bx         0x08006ef0        0x0 linker stubs

.iplt           0x08006ef0        0x0
 .iplt          0x08006ef0        0x0 /opt/st/stm32cubeide_1.19.0/plugins/com.st.stm32cube.ide.mcu.externaltools.gnu-tools-for-stm32.13.3.rel1.linux64_1.0.0.202410170706/tools/bin/../lib/gcc/arm-none-eabi/13.3.1/thumb/v7e-m+fp/hard/crtbegin.o

.rodata         0x08006ef0       0x84
                0x08006ef0                        . = ALIGN (0x4)
 *(.rodata)
 .rodata        0x08006ef0        0xf ./Core/Src/main.o
 *(.rodata*)
 *fill*         0x08006eff        0x1 
 .rodata._ZTV8LEDArray
                0x08006f00       0x10 ./Core/Src/LEDArray.o
                0x08006f00                vtable for LEDArray
 .rodata._ZTV13funkSteckdose
                0x08006f10       0x10 ./Core/Src/funkSteckdose.o
                0x08006f10                vtable for funkSteckdose
 .rodata.AHBPrescTable
                0x08006f20       0x10 ./Core/Src/system_stm32f4xx.o
                0x08006f20                AHBPrescTable
 .rodata.APBPrescTable
                0x08006f30        0x8 ./Core/Src/system_stm32f4xx.o
                0x08006f30                APBPrescTable
 .rodata.flagBitshiftOffset.0
                0x08006f38        0x8 ./Drivers/STM32F4xx_HAL_Driver/Src/stm32f4xx_hal_dma.o
 .rodata._svfprintf_r.str1.1
                0x08006f40       0x33 /opt/st/stm32cubeide_1.19.0/plugins/com.st.stm32cube.ide.mcu.externaltools.gnu-tools-for-stm32.13.3.rel1.linux64_1.0.0.202410170706/tools/bin/../lib/gcc/arm-none-eabi/13.3.1/../../../../arm-none-eabi/lib/thumb/v7e-m+fp/hard/libc_nano.a(libc_a-nano-svfprintf.o)
                                 0x11 (size before relaxing)
 .rodata._printf_i.str1.1
                0x08006f73       0x22 /opt/st/stm32cubeide_1.19.0/plugins/com.st.stm32cube.ide.mcu.externaltools.gnu-tools-for-stm32.13.3.rel1.linux64_1.0.0.202410170706/tools/bin/../lib/gcc/arm-none-eabi/13.3.1/../../../../arm-none-eabi/lib/thumb/v7e-m+fp/hard/libc_nano.a(libc_a-nano-vfprintf_i.o)
                0x08006f98                        . = ALIGN (0x4)
 *fill*         0x08006f73        0x1 

.ARM.extab      0x08006f74        0x0
                0x08006f74                        . = ALIGN (0x4)
 *(.ARM.extab* .gnu.linkonce.armextab.*)
                0x08006f74                        . = ALIGN (0x4)

.ARM            0x08006f74        0x8
                0x08006f74                        . = ALIGN (0x4)
                0x08006f74                        __exidx_start = .
 *(.ARM.exidx*)
 .ARM.exidx     0x08006f74        0x8 /opt/st/stm32cubeide_1.19.0/plugins/com.st.stm32cube.ide.mcu.externaltools.gnu-tools-for-stm32.13.3.rel1.linux64_1.0.0.202410170706/tools/bin/../lib/gcc/arm-none-eabi/13.3.1/../../../../arm-none-eabi/lib/thumb/v7e-m+fp/hard/libc_nano.a(libc_a-strlen.o)
 .ARM.exidx     0x08006f7c        0x0 /opt/st/stm32cubeide_1.19.0/plugins/com.st.stm32cube.ide.mcu.externaltools.gnu-tools-for-stm32.13.3.rel1.linux64_1.0.0.202410170706/tools/bin/../lib/gcc/arm-none-eabi/13.3.1/../../../../arm-none-eabi/lib/thumb/v7e-m+fp/hard/libc_nano.a(libc_a-memchr.o)
                                  0x8 (size before relaxing)
 .ARM.exidx     0x08006f7c        0x0 /opt/st/stm32cubeide_1.19.0/plugins/com.st.stm32cube.ide.mcu.externaltools.gnu-tools-for-stm32.13.3.rel1.linux64_1.0.0.202410170706/tools/bin/../lib/gcc/arm-none-eabi/13.3.1/thumb/v7e-m+fp/hard/libgcc.a(_udivmoddi4.o)
                                  0x8 (size before relaxing)
                0x08006f7c                        __exidx_end = .
                0x08006f7c                        . = ALIGN (0x4)

.preinit_array  0x08006f7c        0x0
                0x08006f7c                        . = ALIGN (0x4)
                0x08006f7c                        PROVIDE (__preinit_array_start = .)
 *(.preinit_array*)
                0x08006f7c                        PROVIDE (__preinit_array_end = .)
                0x08006f7c                        . = ALIGN (0x4)

.init_array     0x08006f7c        0x8
                0x08006f7c                        . = ALIGN (0x4)
                0x08006f7c                        PROVIDE (__init_array_start = .)
 *(SORT_BY_NAME(.init_array.*))
 *(.init_array*)
 .init_array    0x08006f7c        0x4 /opt/st/stm32cubeide_1.19.0/plugins/com.st.stm32cube.ide.mcu.externaltools.gnu-tools-for-stm32.13.3.rel1.linux64_1.0.0.202410170706/tools/bin/../lib/gcc/arm-none-eabi/13.3.1/thumb/v7e-m+fp/hard/crtbegin.o
 .init_array    0x08006f80        0x4 ./Core/Src/main.o
                0x08006f84                        PROVIDE (__init_array_end = .)
                0x08006f84                        . = ALIGN (0x4)

.fini_array     0x08006f84        0x8
                0x08006f84                        . = ALIGN (0x4)
                [!provide]                        PROVIDE (__fini_array_start = .)
 *(SORT_BY_NAME(.fini_array.*))
 *(.fini_array*)
 .fini_array    0x08006f84        0x4 /opt/st/stm32cubeide_1.19.0/plugins/com.st.stm32cube.ide.mcu.externaltools.gnu-tools-for-stm32.13.3.rel1.linux64_1.0.0.202410170706/tools/bin/../lib/gcc/arm-none-eabi/13.3.1/thumb/v7e-m+fp/hard/crtbegin.o
 .fini_array    0x08006f88        0x4 ./Core/Src/main.o
                [!provide]                        PROVIDE (__fini_array_end = .)
                0x08006f8c                        . = ALIGN (0x4)
                0x08006f8c                        _sidata = LOADADDR (.data)

.rel.dyn        0x08006f8c        0x0
 .rel.iplt      0x08006f8c        0x0 /opt/st/stm32cubeide_1.19.0/plugins/com.st.stm32cube.ide.mcu.externaltools.gnu-tools-for-stm32.13.3.rel1.linux64_1.0.0.202410170706/tools/bin/../lib/gcc/arm-none-eabi/13.3.1/thumb/v7e-m+fp/hard/crtbegin.o

.data           0x20000000       0x70 load address 0x08006f8c
                0x20000000                        . = ALIGN (0x4)
                0x20000000                        _sdata = .
 *(.data)
 *(.data*)
 .data.pins     0x20000000       0x14 ./Core/Src/main.o
                0x20000000                pins
 .data.SystemCoreClock
                0x20000014        0x4 ./Core/Src/system_stm32f4xx.o
                0x20000014                SystemCoreClock
 .data.uwTickPrio
                0x20000018        0x4 ./Drivers/STM32F4xx_HAL_Driver/Src/stm32f4xx_hal.o
                0x20000018                uwTickPrio
 .data.uwTickFreq
                0x2000001c        0x1 ./Drivers/STM32F4xx_HAL_Driver/Src/stm32f4xx_hal.o
                0x2000001c                uwTickFreq
 *fill*         0x2000001d        0x3 
 .data._impure_ptr
                0x20000020        0x4 /opt/st/stm32cubeide_1.19.0/plugins/com.st.stm32cube.ide.mcu.externaltools.gnu-tools-for-stm32.13.3.rel1.linux64_1.0.0.202410170706/tools/bin/../lib/gcc/arm-none-eabi/13.3.1/../../../../arm-none-eabi/lib/thumb/v7e-m+fp/hard/libc_nano.a(libc_a-impure.o)
                0x20000020                _impure_ptr
 .data._impure_data
                0x20000024       0x4c /opt/st/stm32cubeide_1.19.0/plugins/com.st.stm32cube.ide.mcu.externaltools.gnu-tools-for-stm32.13.3.rel1.linux64_1.0.0.202410170706/tools/bin/../lib/gcc/arm-none-eabi/13.3.1/../../../../arm-none-eabi/lib/thumb/v7e-m+fp/hard/libc_nano.a(libc_a-impure.o)
                0x20000024                _impure_data
 *(.RamFunc)
 *(.RamFunc*)
                0x20000070                        . = ALIGN (0x4)
                0x20000070                        _edata = .
                0x08006ffc                        _siccmram = LOADADDR (.ccmram)

.igot.plt       0x20000070        0x0 load address 0x08006ffc
 .igot.plt      0x20000070        0x0 /opt/st/stm32cubeide_1.19.0/plugins/com.st.stm32cube.ide.mcu.externaltools.gnu-tools-for-stm32.13.3.rel1.linux64_1.0.0.202410170706/tools/bin/../lib/gcc/arm-none-eabi/13.3.1/thumb/v7e-m+fp/hard/crtbegin.o

.ccmram         0x10000000        0x0 load address 0x08006ffc
                0x10000000                        . = ALIGN (0x4)
                0x10000000                        _sccmram = .
 *(.ccmram)
 *(.ccmram*)
                0x10000000                        . = ALIGN (0x4)
                0x10000000                        _eccmram = .
                0x10000000                        . = ALIGN (0x4)

.bss            0x20000070     0x1dc0
                0x20000070                        _sbss = .
                0x20000070                        __bss_start__ = _sbss
 *(.bss)
 .bss           0x20000070       0x1c /opt/st/stm32cubeide_1.19.0/plugins/com.st.stm32cube.ide.mcu.externaltools.gnu-tools-for-stm32.13.3.rel1.linux64_1.0.0.202410170706/tools/bin/../lib/gcc/arm-none-eabi/13.3.1/thumb/v7e-m+fp/hard/crtbegin.o
 *(.bss*)
 .bss.audioReady
                0x2000008c        0x1 ./Core/Src/main.o
                0x2000008c                audioReady
 .bss.audioHalf
                0x2000008d        0x1 ./Core/Src/main.o
                0x2000008d                audioHalf
 *fill*         0x2000008e        0x2 
 .bss.inputBuffer
                0x20000090      0xfa0 ./Core/Src/main.o
                0x20000090                inputBuffer
 .bss.mergedFrame
                0x20001030      0x3e8 ./Core/Src/main.o
                0x20001030                mergedFrame
 .bss.bar       0x20001418       0x34 ./Core/Src/main.o
                0x20001418                bar
 .bss.TxConfig  0x2000144c       0x38 ./Core/Src/main.o
                0x2000144c                TxConfig
 .bss.DMARxDscrTab
                0x20001484       0xa0 ./Core/Src/main.o
                0x20001484                DMARxDscrTab
 .bss.DMATxDscrTab
                0x20001524       0xa0 ./Core/Src/main.o
                0x20001524                DMATxDscrTab
 .bss.hadc1     0x200015c4       0x48 ./Core/Src/main.o
                0x200015c4                hadc1
 .bss.heth      0x2000160c       0xb0 ./Core/Src/main.o
                0x2000160c                heth
 .bss.hi2s2     0x200016bc       0x48 ./Core/Src/main.o
                0x200016bc                hi2s2
 .bss.hdma_spi2_rx
                0x20001704       0x60 ./Core/Src/main.o
                0x20001704                hdma_spi2_rx
 .bss.htim2     0x20001764       0x48 ./Core/Src/main.o
                0x20001764                htim2
 .bss.huart3    0x200017ac       0x48 ./Core/Src/main.o
                0x200017ac                huart3
 .bss.hpcd_USB_OTG_FS
                0x200017f4      0x4e4 ./Core/Src/main.o
                0x200017f4                hpcd_USB_OTG_FS
 .bss._ZZL11MX_ETH_InitvE7MACAddr
                0x20001cd8        0x6 ./Core/Src/main.o
 *fill*         0x20001cde        0x2 
 .bss.__sbrk_heap_end
                0x20001ce0        0x4 ./Core/Src/sysmem.o
 .bss.uwTick    0x20001ce4        0x4 ./Drivers/STM32F4xx_HAL_Driver/Src/stm32f4xx_hal.o
                0x20001ce4                uwTick
 .bss.__malloc_sbrk_start
                0x20001ce8        0x4 /opt/st/stm32cubeide_1.19.0/plugins/com.st.stm32cube.ide.mcu.externaltools.gnu-tools-for-stm32.13.3.rel1.linux64_1.0.0.202410170706/tools/bin/../lib/gcc/arm-none-eabi/13.3.1/../../../../arm-none-eabi/lib/thumb/v7e-m+fp/hard/libc_nano.a(libc_a-mallocr.o)
                0x20001ce8                __malloc_sbrk_start
 .bss.__malloc_free_list
                0x20001cec        0x4 /opt/st/stm32cubeide_1.19.0/plugins/com.st.stm32cube.ide.mcu.externaltools.gnu-tools-for-stm32.13.3.rel1.linux64_1.0.0.202410170706/tools/bin/../lib/gcc/arm-none-eabi/13.3.1/../../../../arm-none-eabi/lib/thumb/v7e-m+fp/hard/libc_nano.a(libc_a-mallocr.o)
                0x20001cec                __malloc_free_list
 .bss.__sf      0x20001cf0      0x138 /opt/st/stm32cubeide_1.19.0/plugins/com.st.stm32cube.ide.mcu.externaltools.gnu-tools-for-stm32.13.3.rel1.linux64_1.0.0.202410170706/tools/bin/../lib/gcc/arm-none-eabi/13.3.1/../../../../arm-none-eabi/lib/thumb/v7e-m+fp/hard/libc_nano.a(libc_a-findfp.o)
                0x20001cf0                __sf
 .bss.errno     0x20001e28        0x4 /opt/st/stm32cubeide_1.19.0/plugins/com.st.stm32cube.ide.mcu.externaltools.gnu-tools-for-stm32.13.3.rel1.linux64_1.0.0.202410170706/tools/bin/../lib/gcc/arm-none-eabi/13.3.1/../../../../arm-none-eabi/lib/thumb/v7e-m+fp/hard/libc_nano.a(libc_a-reent.o)
                0x20001e28                errno
 .bss.__lock___malloc_recursive_mutex
                0x20001e2c        0x1 /opt/st/stm32cubeide_1.19.0/plugins/com.st.stm32cube.ide.mcu.externaltools.gnu-tools-for-stm32.13.3.rel1.linux64_1.0.0.202410170706/tools/bin/../lib/gcc/arm-none-eabi/13.3.1/../../../../arm-none-eabi/lib/thumb/v7e-m+fp/hard/libc_nano.a(libc_a-lock.o)
                0x20001e2c                __lock___malloc_recursive_mutex
 *(COMMON)
                0x20001e30                        . = ALIGN (0x4)
 *fill*         0x20001e2d        0x3 
                0x20001e30                        _ebss = .
                0x20001e30                        __bss_end__ = _ebss

._user_heap_stack
                0x20001e30      0x600
                0x20001e30                        . = ALIGN (0x8)
                [!provide]                        PROVIDE (end = .)
                0x20001e30                        PROVIDE (_end = .)
                0x20002030                        . = (. + _Min_Heap_Size)
 *fill*         0x20001e30      0x200 
                0x20002430                        . = (. + _Min_Stack_Size)
 *fill*         0x20002030      0x400 
                0x20002430                        . = ALIGN (0x8)

/DISCARD/
 libc.a(*)
 libm.a(*)
 libgcc.a(*)

.ARM.attributes
                0x00000000       0x30
 *(.ARM.attributes)
 .ARM.attributes
                0x00000000       0x22 /opt/st/stm32cubeide_1.19.0/plugins/com.st.stm32cube.ide.mcu.externaltools.gnu-tools-for-stm32.13.3.rel1.linux64_1.0.0.202410170706/tools/bin/../lib/gcc/arm-none-eabi/13.3.1/thumb/v7e-m+fp/hard/crti.o
 .ARM.attributes
                0x00000022       0x34 /opt/st/stm32cubeide_1.19.0/plugins/com.st.stm32cube.ide.mcu.externaltools.gnu-tools-for-stm32.13.3.rel1.linux64_1.0.0.202410170706/tools/bin/../lib/gcc/arm-none-eabi/13.3.1/thumb/v7e-m+fp/hard/crtbegin.o
 .ARM.attributes
                0x00000056       0x34 ./Core/Src/LEDArray.o
 .ARM.attributes
                0x0000008a       0x34 ./Core/Src/funkSteckdose.o
 .ARM.attributes
                0x000000be       0x34 ./Core/Src/main.o
 .ARM.attributes
                0x000000f2       0x34 ./Core/Src/stm32f4xx_hal_msp.o
 .ARM.attributes
                0x00000126       0x34 ./Core/Src/stm32f4xx_it.o
 .ARM.attributes
                0x0000015a       0x34 ./Core/Src/sysmem.o
 .ARM.attributes
                0x0000018e       0x34 ./Core/Src/system_stm32f4xx.o
 .ARM.attributes
                0x000001c2       0x21 ./Core/Startup/startup_stm32f429zitx.o
 .ARM.attributes
                0x000001e3       0x34 ./Drivers/STM32F4xx_HAL_Driver/Src/stm32f4xx_hal.o
 .ARM.attributes
                0x00000217       0x34 ./Drivers/STM32F4xx_HAL_Driver/Src/stm32f4xx_hal_adc.o
 .ARM.attributes
                0x0000024b       0x34 ./Drivers/STM32F4xx_HAL_Driver/Src/stm32f4xx_hal_cortex.o
 .ARM.attributes
                0x0000027f       0x34 ./Drivers/STM32F4xx_HAL_Driver/Src/stm32f4xx_hal_dma.o
 .ARM.attributes
                0x000002b3       0x34 ./Drivers/STM32F4xx_HAL_Driver/Src/stm32f4xx_hal_eth.o
 .ARM.attributes
                0x000002e7       0x34 ./Drivers/STM32F4xx_HAL_Driver/Src/stm32f4xx_hal_gpio.o
 .ARM.attributes
                0x0000031b       0x34 ./Drivers/STM32F4xx_HAL_Driver/Src/stm32f4xx_hal_i2s.o
 .ARM.attributes
                0x0000034f       0x34 ./Drivers/STM32F4xx_HAL_Driver/Src/stm32f4xx_hal_i2s_ex.o
 .ARM.attributes
                0x00000383       0x34 ./Drivers/STM32F4xx_HAL_Driver/Src/stm32f4xx_hal_pcd.o
 .ARM.attributes
                0x000003b7       0x34 ./Drivers/STM32F4xx_HAL_Driver/Src/stm32f4xx_hal_rcc.o
 .ARM.attributes
                0x000003eb       0x34 ./Drivers/STM32F4xx_HAL_Driver/Src/stm32f4xx_hal_rcc_ex.o
 .ARM.attributes
                0x0000041f       0x34 ./Drivers/STM32F4xx_HAL_Driver/Src/stm32f4xx_hal_tim.o
 .ARM.attributes
                0x00000453       0x34 ./Drivers/STM32F4xx_HAL_Driver/Src/stm32f4xx_hal_tim_ex.o
 .ARM.attributes
                0x00000487       0x34 ./Drivers/STM32F4xx_HAL_Driver/Src/stm32f4xx_hal_uart.o
 .ARM.attributes
                0x000004bb       0x34 ./Drivers/STM32F4xx_HAL_Driver/Src/stm32f4xx_ll_usb.o
 .ARM.attributes
                0x000004ef       0x34 /opt/st/stm32cubeide_1.19.0/plugins/com.st.stm32cube.ide.mcu.externaltools.gnu-tools-for-stm32.13.3.rel1.linux64_1.0.0.202410170706/tools/bin/../lib/gcc/arm-none-eabi/13.3.1/../../../../arm-none-eabi/lib/thumb/v7e-m+fp/hard/libstdc++_nano.a(del_ops.o)
 .ARM.attributes
                0x00000523       0x34 /opt/st/stm32cubeide_1.19.0/plugins/com.st.stm32cube.ide.mcu.externaltools.gnu-tools-for-stm32.13.3.rel1.linux64_1.0.0.202410170706/tools/bin/../lib/gcc/arm-none-eabi/13.3.1/../../../../arm-none-eabi/lib/thumb/v7e-m+fp/hard/libstdc++_nano.a(del_op.o)
 .ARM.attributes
                0x00000557       0x34 /opt/st/stm32cubeide_1.19.0/plugins/com.st.stm32cube.ide.mcu.externaltools.gnu-tools-for-stm32.13.3.rel1.linux64_1.0.0.202410170706/tools/bin/../lib/gcc/arm-none-eabi/13.3.1/../../../../arm-none-eabi/lib/thumb/v7e-m+fp/hard/libc_nano.a(libc_a-malloc.o)
 .ARM.attributes
                0x0000058b       0x34 /opt/st/stm32cubeide_1.19.0/plugins/com.st.stm32cube.ide.mcu.externaltools.gnu-tools-for-stm32.13.3.rel1.linux64_1.0.0.202410170706/tools/bin/../lib/gcc/arm-none-eabi/13.3.1/../../../../arm-none-eabi/lib/thumb/v7e-m+fp/hard/libc_nano.a(libc_a-mallocr.o)
 .ARM.attributes
                0x000005bf       0x34 /opt/st/stm32cubeide_1.19.0/plugins/com.st.stm32cube.ide.mcu.externaltools.gnu-tools-for-stm32.13.3.rel1.linux64_1.0.0.202410170706/tools/bin/../lib/gcc/arm-none-eabi/13.3.1/../../../../arm-none-eabi/lib/thumb/v7e-m+fp/hard/libc_nano.a(libc_a-mlock.o)
 .ARM.attributes
                0x000005f3       0x34 /opt/st/stm32cubeide_1.19.0/plugins/com.st.stm32cube.ide.mcu.externaltools.gnu-tools-for-stm32.13.3.rel1.linux64_1.0.0.202410170706/tools/bin/../lib/gcc/arm-none-eabi/13.3.1/../../../../arm-none-eabi/lib/thumb/v7e-m+fp/hard/libc_nano.a(libc_a-findfp.o)
 .ARM.attributes
                0x00000627       0x34 /opt/st/stm32cubeide_1.19.0/plugins/com.st.stm32cube.ide.mcu.externaltools.gnu-tools-for-stm32.13.3.rel1.linux64_1.0.0.202410170706/tools/bin/../lib/gcc/arm-none-eabi/13.3.1/../../../../arm-none-eabi/lib/thumb/v7e-m+fp/hard/libc_nano.a(libc_a-snprintf.o)
 .ARM.attributes
                0x0000065b       0x34 /opt/st/stm32cubeide_1.19.0/plugins/com.st.stm32cube.ide.mcu.externaltools.gnu-tools-for-stm32.13.3.rel1.linux64_1.0.0.202410170706/tools/bin/../lib/gcc/arm-none-eabi/13.3.1/../../../../arm-none-eabi/lib/thumb/v7e-m+fp/hard/libc_nano.a(libc_a-memset.o)
 .ARM.attributes
                0x0000068f       0x34 /opt/st/stm32cubeide_1.19.0/plugins/com.st.stm32cube.ide.mcu.externaltools.gnu-tools-for-stm32.13.3.rel1.linux64_1.0.0.202410170706/tools/bin/../lib/gcc/arm-none-eabi/13.3.1/../../../../arm-none-eabi/lib/thumb/v7e-m+fp/hard/libc_nano.a(libc_a-reent.o)
 .ARM.attributes
                0x000006c3       0x34 /opt/st/stm32cubeide_1.19.0/plugins/com.st.stm32cube.ide.mcu.externaltools.gnu-tools-for-stm32.13.3.rel1.linux64_1.0.0.202410170706/tools/bin/../lib/gcc/arm-none-eabi/13.3.1/../../../../arm-none-eabi/lib/thumb/v7e-m+fp/hard/libc_nano.a(libc_a-impure.o)
 .ARM.attributes
                0x000006f7       0x34 /opt/st/stm32cubeide_1.19.0/plugins/com.st.stm32cube.ide.mcu.externaltools.gnu-tools-for-stm32.13.3.rel1.linux64_1.0.0.202410170706/tools/bin/../lib/gcc/arm-none-eabi/13.3.1/../../../../arm-none-eabi/lib/thumb/v7e-m+fp/hard/libc_nano.a(libc_a-sbrkr.o)
 .ARM.attributes
                0x0000072b       0x34 /opt/st/stm32cubeide_1.19.0/plugins/com.st.stm32cube.ide.mcu.externaltools.gnu-tools-for-stm32.13.3.rel1.linux64_1.0.0.202410170706/tools/bin/../lib/gcc/arm-none-eabi/13.3.1/../../../../arm-none-eabi/lib/thumb/v7e-m+fp/hard/libc_nano.a(libc_a-errno.o)
 .ARM.attributes
                0x0000075f       0x34 /opt/st/stm32cubeide_1.19.0/plugins/com.st.stm32cube.ide.mcu.externaltools.gnu-tools-for-stm32.13.3.rel1.linux64_1.0.0.202410170706/tools/bin/../lib/gcc/arm-none-eabi/13.3.1/../../../../arm-none-eabi/lib/thumb/v7e-m+fp/hard/libc_nano.a(libc_a-init.o)
 .ARM.attributes
                0x00000793       0x34 /opt/st/stm32cubeide_1.19.0/plugins/com.st.stm32cube.ide.mcu.externaltools.gnu-tools-for-stm32.13.3.rel1.linux64_1.0.0.202410170706/tools/bin/../lib/gcc/arm-none-eabi/13.3.1/../../../../arm-none-eabi/lib/thumb/v7e-m+fp/hard/libc_nano.a(libc_a-lock.o)
 .ARM.attributes
                0x000007c7       0x34 /opt/st/stm32cubeide_1.19.0/plugins/com.st.stm32cube.ide.mcu.externaltools.gnu-tools-for-stm32.13.3.rel1.linux64_1.0.0.202410170706/tools/bin/../lib/gcc/arm-none-eabi/13.3.1/../../../../arm-none-eabi/lib/thumb/v7e-m+fp/hard/libc_nano.a(libc_a-memcpy-stub.o)
 .ARM.attributes
                0x000007fb       0x17 /opt/st/stm32cubeide_1.19.0/plugins/com.st.stm32cube.ide.mcu.externaltools.gnu-tools-for-stm32.13.3.rel1.linux64_1.0.0.202410170706/tools/bin/../lib/gcc/arm-none-eabi/13.3.1/../../../../arm-none-eabi/lib/thumb/v7e-m+fp/hard/libc_nano.a(libc_a-strlen.o)
 .ARM.attributes
                0x00000812       0x34 /opt/st/stm32cubeide_1.19.0/plugins/com.st.stm32cube.ide.mcu.externaltools.gnu-tools-for-stm32.13.3.rel1.linux64_1.0.0.202410170706/tools/bin/../lib/gcc/arm-none-eabi/13.3.1/../../../../arm-none-eabi/lib/thumb/v7e-m+fp/hard/libc_nano.a(libc_a-freer.o)
 .ARM.attributes
                0x00000846       0x34 /opt/st/stm32cubeide_1.19.0/plugins/com.st.stm32cube.ide.mcu.externaltools.gnu-tools-for-stm32.13.3.rel1.linux64_1.0.0.202410170706/tools/bin/../lib/gcc/arm-none-eabi/13.3.1/../../../../arm-none-eabi/lib/thumb/v7e-m+fp/hard/libc_nano.a(libc_a-nano-svfprintf.o)
 .ARM.attributes
                0x0000087a       0x34 /opt/st/stm32cubeide_1.19.0/plugins/com.st.stm32cube.ide.mcu.externaltools.gnu-tools-for-stm32.13.3.rel1.linux64_1.0.0.202410170706/tools/bin/../lib/gcc/arm-none-eabi/13.3.1/../../../../arm-none-eabi/lib/thumb/v7e-m+fp/hard/libc_nano.a(libc_a-nano-vfprintf_i.o)
 .ARM.attributes
                0x000008ae       0x34 /opt/st/stm32cubeide_1.19.0/plugins/com.st.stm32cube.ide.mcu.externaltools.gnu-tools-for-stm32.13.3.rel1.linux64_1.0.0.202410170706/tools/bin/../lib/gcc/arm-none-eabi/13.3.1/../../../../arm-none-eabi/lib/thumb/v7e-m+fp/hard/libc_nano.a(libc_a-memmove.o)
 .ARM.attributes
                0x000008e2       0x1c /opt/st/stm32cubeide_1.19.0/plugins/com.st.stm32cube.ide.mcu.externaltools.gnu-tools-for-stm32.13.3.rel1.linux64_1.0.0.202410170706/tools/bin/../lib/gcc/arm-none-eabi/13.3.1/../../../../arm-none-eabi/lib/thumb/v7e-m+fp/hard/libc_nano.a(libc_a-memchr.o)
 .ARM.attributes
                0x000008fe       0x34 /opt/st/stm32cubeide_1.19.0/plugins/com.st.stm32cube.ide.mcu.externaltools.gnu-tools-for-stm32.13.3.rel1.linux64_1.0.0.202410170706/tools/bin/../lib/gcc/arm-none-eabi/13.3.1/../../../../arm-none-eabi/lib/thumb/v7e-m+fp/hard/libc_nano.a(libc_a-reallocr.o)
 .ARM.attributes
                0x00000932       0x34 /opt/st/stm32cubeide_1.19.0/plugins/com.st.stm32cube.ide.mcu.externaltools.gnu-tools-for-stm32.13.3.rel1.linux64_1.0.0.202410170706/tools/bin/../lib/gcc/arm-none-eabi/13.3.1/../../../../arm-none-eabi/lib/thumb/v7e-m+fp/hard/libc_nano.a(libc_a-msizer.o)
 .ARM.attributes
                0x00000966       0x22 /opt/st/stm32cubeide_1.19.0/plugins/com.st.stm32cube.ide.mcu.externaltools.gnu-tools-for-stm32.13.3.rel1.linux64_1.0.0.202410170706/tools/bin/../lib/gcc/arm-none-eabi/13.3.1/thumb/v7e-m+fp/hard/libgcc.a(_arm_addsubdf3.o)
 .ARM.attributes
                0x00000988       0x22 /opt/st/stm32cubeide_1.19.0/plugins/com.st.stm32cube.ide.mcu.externaltools.gnu-tools-for-stm32.13.3.rel1.linux64_1.0.0.202410170706/tools/bin/../lib/gcc/arm-none-eabi/13.3.1/thumb/v7e-m+fp/hard/libgcc.a(_arm_fixdfsi.o)
 .ARM.attributes
                0x000009aa       0x22 /opt/st/stm32cubeide_1.19.0/plugins/com.st.stm32cube.ide.mcu.externaltools.gnu-tools-for-stm32.13.3.rel1.linux64_1.0.0.202410170706/tools/bin/../lib/gcc/arm-none-eabi/13.3.1/thumb/v7e-m+fp/hard/libgcc.a(_aeabi_uldivmod.o)
 .ARM.attributes
                0x000009cc       0x34 /opt/st/stm32cubeide_1.19.0/plugins/com.st.stm32cube.ide.mcu.externaltools.gnu-tools-for-stm32.13.3.rel1.linux64_1.0.0.202410170706/tools/bin/../lib/gcc/arm-none-eabi/13.3.1/thumb/v7e-m+fp/hard/libgcc.a(_udivmoddi4.o)
 .ARM.attributes
                0x00000a00       0x22 /opt/st/stm32cubeide_1.19.0/plugins/com.st.stm32cube.ide.mcu.externaltools.gnu-tools-for-stm32.13.3.rel1.linux64_1.0.0.202410170706/tools/bin/../lib/gcc/arm-none-eabi/13.3.1/thumb/v7e-m+fp/hard/libgcc.a(_dvmd_tls.o)
 .ARM.attributes
                0x00000a22       0x22 /opt/st/stm32cubeide_1.19.0/plugins/com.st.stm32cube.ide.mcu.externaltools.gnu-tools-for-stm32.13.3.rel1.linux64_1.0.0.202410170706/tools/bin/../lib/gcc/arm-none-eabi/13.3.1/thumb/v7e-m+fp/hard/crtn.o
OUTPUT(DIY_Alexa_Projekt.elf elf32-littlearm)
LOAD linker stubs
LOAD /opt/st/stm32cubeide_1.19.0/plugins/com.st.stm32cube.ide.mcu.externaltools.gnu-tools-for-stm32.13.3.rel1.linux64_1.0.0.202410170706/tools/bin/../lib/gcc/arm-none-eabi/13.3.1/../../../../arm-none-eabi/lib/thumb/v7e-m+fp/hard/libc.a
LOAD /opt/st/stm32cubeide_1.19.0/plugins/com.st.stm32cube.ide.mcu.externaltools.gnu-tools-for-stm32.13.3.rel1.linux64_1.0.0.202410170706/tools/bin/../lib/gcc/arm-none-eabi/13.3.1/../../../../arm-none-eabi/lib/thumb/v7e-m+fp/hard/libm.a
LOAD /opt/st/stm32cubeide_1.19.0/plugins/com.st.stm32cube.ide.mcu.externaltools.gnu-tools-for-stm32.13.3.rel1.linux64_1.0.0.202410170706/tools/bin/../lib/gcc/arm-none-eabi/13.3.1/thumb/v7e-m+fp/hard/libgcc.a

.debug_info     0x00000000    0x1ba40
 .debug_info    0x00000000      0x48b ./Core/Src/LEDArray.o
 .debug_info    0x0000048b      0xb64 ./Core/Src/funkSteckdose.o
 .debug_info    0x00000fef     0x62bf ./Core/Src/main.o
 .debug_info    0x000072ae     0x22cf ./Core/Src/stm32f4xx_hal_msp.o
 .debug_info    0x0000957d      0x3a9 ./Core/Src/stm32f4xx_it.o
 .debug_info    0x00009926      0x168 ./Core/Src/sysmem.o
 .debug_info    0x00009a8e      0x52e ./Core/Src/system_stm32f4xx.o
 .debug_info    0x00009fbc       0x30 ./Core/Startup/startup_stm32f429zitx.o
 .debug_info    0x00009fec      0x9ba ./Drivers/STM32F4xx_HAL_Driver/Src/stm32f4xx_hal.o
 .debug_info    0x0000a9a6      0xce3 ./Drivers/STM32F4xx_HAL_Driver/Src/stm32f4xx_hal_adc.o
 .debug_info    0x0000b689      0xdc2 ./Drivers/STM32F4xx_HAL_Driver/Src/stm32f4xx_hal_cortex.o
 .debug_info    0x0000c44b      0x8e7 ./Drivers/STM32F4xx_HAL_Driver/Src/stm32f4xx_hal_dma.o
 .debug_info    0x0000cd32     0x2193 ./Drivers/STM32F4xx_HAL_Driver/Src/stm32f4xx_hal_eth.o
 .debug_info    0x0000eec5      0x6db ./Drivers/STM32F4xx_HAL_Driver/Src/stm32f4xx_hal_gpio.o
 .debug_info    0x0000f5a0      0xe02 ./Drivers/STM32F4xx_HAL_Driver/Src/stm32f4xx_hal_i2s.o
 .debug_info    0x000103a2      0xaae ./Drivers/STM32F4xx_HAL_Driver/Src/stm32f4xx_hal_i2s_ex.o
 .debug_info    0x00010e50     0x156f ./Drivers/STM32F4xx_HAL_Driver/Src/stm32f4xx_hal_pcd.o
 .debug_info    0x000123bf      0x8db ./Drivers/STM32F4xx_HAL_Driver/Src/stm32f4xx_hal_rcc.o
 .debug_info    0x00012c9a      0x64c ./Drivers/STM32F4xx_HAL_Driver/Src/stm32f4xx_hal_rcc_ex.o
 .debug_info    0x000132e6     0x299d ./Drivers/STM32F4xx_HAL_Driver/Src/stm32f4xx_hal_tim.o
 .debug_info    0x00015c83     0x14db ./Drivers/STM32F4xx_HAL_Driver/Src/stm32f4xx_hal_tim_ex.o
 .debug_info    0x0001715e     0x2f4f ./Drivers/STM32F4xx_HAL_Driver/Src/stm32f4xx_hal_uart.o
 .debug_info    0x0001a0ad     0x1993 ./Drivers/STM32F4xx_HAL_Driver/Src/stm32f4xx_ll_usb.o

.debug_abbrev   0x00000000     0x39ae
 .debug_abbrev  0x00000000      0x2c4 ./Core/Src/LEDArray.o
 .debug_abbrev  0x000002c4      0x32f ./Core/Src/funkSteckdose.o
 .debug_abbrev  0x000005f3      0x7e3 ./Core/Src/main.o
 .debug_abbrev  0x00000dd6      0x2af ./Core/Src/stm32f4xx_hal_msp.o
 .debug_abbrev  0x00001085      0x169 ./Core/Src/stm32f4xx_it.o
 .debug_abbrev  0x000011ee       0xbc ./Core/Src/sysmem.o
 .debug_abbrev  0x000012aa      0x11a ./Core/Src/system_stm32f4xx.o
 .debug_abbrev  0x000013c4       0x24 ./Core/Startup/startup_stm32f429zitx.o
 .debug_abbrev  0x000013e8      0x214 ./Drivers/STM32F4xx_HAL_Driver/Src/stm32f4xx_hal.o
 .debug_abbrev  0x000015fc      0x252 ./Drivers/STM32F4xx_HAL_Driver/Src/stm32f4xx_hal_adc.o
 .debug_abbrev  0x0000184e      0x31d ./Drivers/STM32F4xx_HAL_Driver/Src/stm32f4xx_hal_cortex.o
 .debug_abbrev  0x00001b6b      0x264 ./Drivers/STM32F4xx_HAL_Driver/Src/stm32f4xx_hal_dma.o
 .debug_abbrev  0x00001dcf      0x35c ./Drivers/STM32F4xx_HAL_Driver/Src/stm32f4xx_hal_eth.o
 .debug_abbrev  0x0000212b      0x1d4 ./Drivers/STM32F4xx_HAL_Driver/Src/stm32f4xx_hal_gpio.o
 .debug_abbrev  0x000022ff      0x25d ./Drivers/STM32F4xx_HAL_Driver/Src/stm32f4xx_hal_i2s.o
 .debug_abbrev  0x0000255c      0x276 ./Drivers/STM32F4xx_HAL_Driver/Src/stm32f4xx_hal_i2s_ex.o
 .debug_abbrev  0x000027d2      0x2b9 ./Drivers/STM32F4xx_HAL_Driver/Src/stm32f4xx_hal_pcd.o
 .debug_abbrev  0x00002a8b      0x2b7 ./Drivers/STM32F4xx_HAL_Driver/Src/stm32f4xx_hal_rcc.o
 .debug_abbrev  0x00002d42      0x1b0 ./Drivers/STM32F4xx_HAL_Driver/Src/stm32f4xx_hal_rcc_ex.o
 .debug_abbrev  0x00002ef2      0x278 ./Drivers/STM32F4xx_HAL_Driver/Src/stm32f4xx_hal_tim.o
 .debug_abbrev  0x0000316a      0x283 ./Drivers/STM32F4xx_HAL_Driver/Src/stm32f4xx_hal_tim_ex.o
 .debug_abbrev  0x000033ed      0x30e ./Drivers/STM32F4xx_HAL_Driver/Src/stm32f4xx_hal_uart.o
 .debug_abbrev  0x000036fb      0x2b3 ./Drivers/STM32F4xx_HAL_Driver/Src/stm32f4xx_ll_usb.o

.debug_aranges  0x00000000     0x1548
 .debug_aranges
                0x00000000       0x40 ./Core/Src/LEDArray.o
 .debug_aranges
                0x00000040       0x60 ./Core/Src/funkSteckdose.o
 .debug_aranges
                0x000000a0       0xd0 ./Core/Src/main.o
 .debug_aranges
                0x00000170       0x80 ./Core/Src/stm32f4xx_hal_msp.o
 .debug_aranges
                0x000001f0       0x68 ./Core/Src/stm32f4xx_it.o
 .debug_aranges
                0x00000258       0x20 ./Core/Src/sysmem.o
 .debug_aranges
                0x00000278       0x28 ./Core/Src/system_stm32f4xx.o
 .debug_aranges
                0x000002a0       0x28 ./Core/Startup/startup_stm32f429zitx.o
 .debug_aranges
                0x000002c8      0x100 ./Drivers/STM32F4xx_HAL_Driver/Src/stm32f4xx_hal.o
 .debug_aranges
                0x000003c8       0xe8 ./Drivers/STM32F4xx_HAL_Driver/Src/stm32f4xx_hal_adc.o
 .debug_aranges
                0x000004b0      0x130 ./Drivers/STM32F4xx_HAL_Driver/Src/stm32f4xx_hal_cortex.o
 .debug_aranges
                0x000005e0       0x90 ./Drivers/STM32F4xx_HAL_Driver/Src/stm32f4xx_hal_dma.o
 .debug_aranges
                0x00000670      0x1e8 ./Drivers/STM32F4xx_HAL_Driver/Src/stm32f4xx_hal_eth.o
 .debug_aranges
                0x00000858       0x58 ./Drivers/STM32F4xx_HAL_Driver/Src/stm32f4xx_hal_gpio.o
 .debug_aranges
                0x000008b0      0x108 ./Drivers/STM32F4xx_HAL_Driver/Src/stm32f4xx_hal_i2s.o
 .debug_aranges
                0x000009b8       0x88 ./Drivers/STM32F4xx_HAL_Driver/Src/stm32f4xx_hal_i2s_ex.o
 .debug_aranges
                0x00000a40      0x148 ./Drivers/STM32F4xx_HAL_Driver/Src/stm32f4xx_hal_pcd.o
 .debug_aranges
                0x00000b88       0x88 ./Drivers/STM32F4xx_HAL_Driver/Src/stm32f4xx_hal_rcc.o
 .debug_aranges
                0x00000c10       0x58 ./Drivers/STM32F4xx_HAL_Driver/Src/stm32f4xx_hal_rcc_ex.o
 .debug_aranges
                0x00000c68      0x3d0 ./Drivers/STM32F4xx_HAL_Driver/Src/stm32f4xx_hal_tim.o
 .debug_aranges
                0x00001038      0x168 ./Drivers/STM32F4xx_HAL_Driver/Src/stm32f4xx_hal_tim_ex.o
 .debug_aranges
                0x000011a0      0x208 ./Drivers/STM32F4xx_HAL_Driver/Src/stm32f4xx_hal_uart.o
 .debug_aranges
                0x000013a8      0x1a0 ./Drivers/STM32F4xx_HAL_Driver/Src/stm32f4xx_ll_usb.o

.debug_rnglists
                0x00000000     0x1097
 .debug_rnglists
                0x00000000       0x2b ./Core/Src/LEDArray.o
 .debug_rnglists
                0x0000002b       0x44 ./Core/Src/funkSteckdose.o
 .debug_rnglists
                0x0000006f       0x9d ./Core/Src/main.o
 .debug_rnglists
                0x0000010c       0x60 ./Core/Src/stm32f4xx_hal_msp.o
 .debug_rnglists
                0x0000016c       0x49 ./Core/Src/stm32f4xx_it.o
 .debug_rnglists
                0x000001b5       0x13 ./Core/Src/sysmem.o
 .debug_rnglists
                0x000001c8       0x1a ./Core/Src/system_stm32f4xx.o
 .debug_rnglists
                0x000001e2       0x19 ./Core/Startup/startup_stm32f429zitx.o
 .debug_rnglists
                0x000001fb       0xbb ./Drivers/STM32F4xx_HAL_Driver/Src/stm32f4xx_hal.o
 .debug_rnglists
                0x000002b6       0xb5 ./Drivers/STM32F4xx_HAL_Driver/Src/stm32f4xx_hal_adc.o
 .debug_rnglists
                0x0000036b       0xe0 ./Drivers/STM32F4xx_HAL_Driver/Src/stm32f4xx_hal_cortex.o
 .debug_rnglists
                0x0000044b       0x70 ./Drivers/STM32F4xx_HAL_Driver/Src/stm32f4xx_hal_dma.o
 .debug_rnglists
                0x000004bb      0x182 ./Drivers/STM32F4xx_HAL_Driver/Src/stm32f4xx_hal_eth.o
 .debug_rnglists
                0x0000063d       0x3f ./Drivers/STM32F4xx_HAL_Driver/Src/stm32f4xx_hal_gpio.o
 .debug_rnglists
                0x0000067c       0xcc ./Drivers/STM32F4xx_HAL_Driver/Src/stm32f4xx_hal_i2s.o
 .debug_rnglists
                0x00000748       0x6a ./Drivers/STM32F4xx_HAL_Driver/Src/stm32f4xx_hal_i2s_ex.o
 .debug_rnglists
                0x000007b2       0xfa ./Drivers/STM32F4xx_HAL_Driver/Src/stm32f4xx_hal_pcd.o
 .debug_rnglists
                0x000008ac       0x66 ./Drivers/STM32F4xx_HAL_Driver/Src/stm32f4xx_hal_rcc.o
 .debug_rnglists
                0x00000912       0x43 ./Drivers/STM32F4xx_HAL_Driver/Src/stm32f4xx_hal_rcc_ex.o
 .debug_rnglists
                0x00000955      0x31a ./Drivers/STM32F4xx_HAL_Driver/Src/stm32f4xx_hal_tim.o
 .debug_rnglists
                0x00000c6f      0x125 ./Drivers/STM32F4xx_HAL_Driver/Src/stm32f4xx_hal_tim_ex.o
 .debug_rnglists
                0x00000d94      0x1bc ./Drivers/STM32F4xx_HAL_Driver/Src/stm32f4xx_hal_uart.o
 .debug_rnglists
                0x00000f50      0x147 ./Drivers/STM32F4xx_HAL_Driver/Src/stm32f4xx_ll_usb.o

.debug_macro    0x00000000    0x2b152
 .debug_macro   0x00000000      0x25b ./Core/Src/LEDArray.o
 .debug_macro   0x0000025b      0xbb0 ./Core/Src/LEDArray.o
 .debug_macro   0x00000e0b      0x2b3 ./Core/Src/LEDArray.o
 .debug_macro   0x000010be       0x2e ./Core/Src/LEDArray.o
 .debug_macro   0x000010ec       0x28 ./Core/Src/LEDArray.o
 .debug_macro   0x00001114       0x1c ./Core/Src/LEDArray.o
 .debug_macro   0x00001130       0x22 ./Core/Src/LEDArray.o
 .debug_macro   0x00001152       0x8e ./Core/Src/LEDArray.o
 .debug_macro   0x000011e0       0x51 ./Core/Src/LEDArray.o
 .debug_macro   0x00001231      0x103 ./Core/Src/LEDArray.o
 .debug_macro   0x00001334       0x6a ./Core/Src/LEDArray.o
 .debug_macro   0x0000139e      0x1df ./Core/Src/LEDArray.o
 .debug_macro   0x0000157d       0x1c ./Core/Src/LEDArray.o
 .debug_macro   0x00001599       0x22 ./Core/Src/LEDArray.o
 .debug_macro   0x000015bb       0xfb ./Core/Src/LEDArray.o
 .debug_macro   0x000016b6     0x1011 ./Core/Src/LEDArray.o
 .debug_macro   0x000026c7      0x11f ./Core/Src/LEDArray.o
 .debug_macro   0x000027e6    0x17ff1 ./Core/Src/LEDArray.o
 .debug_macro   0x0001a7d7       0x6d ./Core/Src/LEDArray.o
 .debug_macro   0x0001a844     0x370a ./Core/Src/LEDArray.o
 .debug_macro   0x0001df4e      0x197 ./Core/Src/LEDArray.o
 .debug_macro   0x0001e0e5       0x5c ./Core/Src/LEDArray.o
 .debug_macro   0x0001e141      0xcba ./Core/Src/LEDArray.o
 .debug_macro   0x0001edfb      0x9e9 ./Core/Src/LEDArray.o
 .debug_macro   0x0001f7e4      0x115 ./Core/Src/LEDArray.o
 .debug_macro   0x0001f8f9      0x156 ./Core/Src/LEDArray.o
 .debug_macro   0x0001fa4f       0xa5 ./Core/Src/LEDArray.o
 .debug_macro   0x0001faf4      0x182 ./Core/Src/LEDArray.o
 .debug_macro   0x0001fc76      0x287 ./Core/Src/LEDArray.o
 .debug_macro   0x0001fefd       0x5f ./Core/Src/LEDArray.o
 .debug_macro   0x0001ff5c      0x236 ./Core/Src/LEDArray.o
 .debug_macro   0x00020192      0xb54 ./Core/Src/LEDArray.o
 .debug_macro   0x00020ce6      0x38b ./Core/Src/LEDArray.o
 .debug_macro   0x00021071      0x184 ./Core/Src/LEDArray.o
 .debug_macro   0x000211f5       0xf9 ./Core/Src/LEDArray.o
 .debug_macro   0x000212ee      0xb99 ./Core/Src/LEDArray.o
 .debug_macro   0x00021e87      0x132 ./Core/Src/LEDArray.o
 .debug_macro   0x00021fb9      0x41d ./Core/Src/LEDArray.o
 .debug_macro   0x000223d6       0x2e ./Core/Src/LEDArray.o
 .debug_macro   0x00022404      0x1a7 ./Core/Src/LEDArray.o
 .debug_macro   0x000225ab       0x46 ./Core/Src/LEDArray.o
 .debug_macro   0x000225f1       0x4a ./Core/Src/LEDArray.o
 .debug_macro   0x0002263b      0x127 ./Core/Src/LEDArray.o
 .debug_macro   0x00022762       0xe2 ./Core/Src/LEDArray.o
 .debug_macro   0x00022844       0x89 ./Core/Src/LEDArray.o
 .debug_macro   0x000228cd      0x8ed ./Core/Src/LEDArray.o
 .debug_macro   0x000231ba       0x4d ./Core/Src/LEDArray.o
 .debug_macro   0x00023207      0x2aa ./Core/Src/LEDArray.o
 .debug_macro   0x000234b1      0x293 ./Core/Src/LEDArray.o
 .debug_macro   0x00023744       0xba ./Core/Src/LEDArray.o
 .debug_macro   0x000237fe      0x134 ./Core/Src/LEDArray.o
 .debug_macro   0x00023932      0x130 ./Core/Src/LEDArray.o
 .debug_macro   0x00023a62      0x25b ./Core/Src/funkSteckdose.o
 .debug_macro   0x00023cbd      0x85f ./Core/Src/main.o
 .debug_macro   0x0002451c       0x61 ./Core/Src/main.o
 .debug_macro   0x0002457d       0x2a ./Core/Src/main.o
 .debug_macro   0x000245a7       0x43 ./Core/Src/main.o
 .debug_macro   0x000245ea       0x34 ./Core/Src/main.o
 .debug_macro   0x0002461e      0x38c ./Core/Src/main.o
 .debug_macro   0x000249aa       0x16 ./Core/Src/main.o
 .debug_macro   0x000249c0       0x4a ./Core/Src/main.o
 .debug_macro   0x00024a0a       0x34 ./Core/Src/main.o
 .debug_macro   0x00024a3e       0x10 ./Core/Src/main.o
 .debug_macro   0x00024a4e       0x58 ./Core/Src/main.o
 .debug_macro   0x00024aa6       0x8e ./Core/Src/main.o
 .debug_macro   0x00024b34       0x16 ./Core/Src/main.o
 .debug_macro   0x00024b4a      0x185 ./Core/Src/main.o
 .debug_macro   0x00024ccf       0x10 ./Core/Src/main.o
 .debug_macro   0x00024cdf       0x3c ./Core/Src/main.o
 .debug_macro   0x00024d1b       0x20 ./Core/Src/main.o
 .debug_macro   0x00024d3b       0x1c ./Core/Src/main.o
 .debug_macro   0x00024d57       0x10 ./Core/Src/main.o
 .debug_macro   0x00024d67       0x1c ./Core/Src/main.o
 .debug_macro   0x00024d83       0x16 ./Core/Src/main.o
 .debug_macro   0x00024d99      0x138 ./Core/Src/main.o
 .debug_macro   0x00024ed1      0x1f2 ./Core/Src/main.o
 .debug_macro   0x000250c3       0x10 ./Core/Src/main.o
 .debug_macro   0x000250d3      0x409 ./Core/Src/main.o
 .debug_macro   0x000254dc       0x18 ./Core/Src/main.o
 .debug_macro   0x000254f4      0x194 ./Core/Src/main.o
 .debug_macro   0x00025688       0x10 ./Core/Src/main.o
 .debug_macro   0x00025698       0x16 ./Core/Src/main.o
 .debug_macro   0x000256ae       0x16 ./Core/Src/main.o
 .debug_macro   0x000256c4       0x29 ./Core/Src/main.o
 .debug_macro   0x000256ed       0x10 ./Core/Src/main.o
 .debug_macro   0x000256fd      0x3c7 ./Core/Src/main.o
 .debug_macro   0x00025ac4       0x22 ./Core/Src/main.o
 .debug_macro   0x00025ae6       0x43 ./Core/Src/main.o
 .debug_macro   0x00025b29       0x2c ./Core/Src/main.o
 .debug_macro   0x00025b55      0x173 ./Core/Src/main.o
 .debug_macro   0x00025cc8       0x1c ./Core/Src/main.o
 .debug_macro   0x00025ce4       0x10 ./Core/Src/main.o
 .debug_macro   0x00025cf4       0x41 ./Core/Src/main.o
 .debug_macro   0x00025d35       0x19 ./Core/Src/main.o
 .debug_macro   0x00025d4e       0x11 ./Core/Src/main.o
 .debug_macro   0x00025d5f       0x10 ./Core/Src/main.o
 .debug_macro   0x00025d6f       0x5e ./Core/Src/main.o
 .debug_macro   0x00025dcd       0x16 ./Core/Src/main.o
 .debug_macro   0x00025de3       0x52 ./Core/Src/main.o
 .debug_macro   0x00025e35       0x5e ./Core/Src/main.o
 .debug_macro   0x00025e93       0x11 ./Core/Src/main.o
 .debug_macro   0x00025ea4       0x2f ./Core/Src/main.o
 .debug_macro   0x00025ed3       0x16 ./Core/Src/main.o
 .debug_macro   0x00025ee9       0x2c ./Core/Src/main.o
 .debug_macro   0x00025f15       0x11 ./Core/Src/main.o
 .debug_macro   0x00025f26       0x28 ./Core/Src/main.o
 .debug_macro   0x00025f4e       0x2e ./Core/Src/main.o
 .debug_macro   0x00025f7c       0x19 ./Core/Src/main.o
 .debug_macro   0x00025f95       0x11 ./Core/Src/main.o
 .debug_macro   0x00025fa6       0x4f ./Core/Src/main.o
 .debug_macro   0x00025ff5       0x18 ./Core/Src/main.o
 .debug_macro   0x0002600d       0x27 ./Core/Src/main.o
 .debug_macro   0x00026034       0x88 ./Core/Src/main.o
 .debug_macro   0x000260bc       0x19 ./Core/Src/main.o
 .debug_macro   0x000260d5       0x1c ./Core/Src/main.o
 .debug_macro   0x000260f1       0xf0 ./Core/Src/main.o
 .debug_macro   0x000261e1      0x11d ./Core/Src/main.o
 .debug_macro   0x000262fe       0x10 ./Core/Src/main.o
 .debug_macro   0x0002630e      0x242 ./Core/Src/main.o
 .debug_macro   0x00026550       0x17 ./Core/Src/main.o
 .debug_macro   0x00026567       0x19 ./Core/Src/main.o
 .debug_macro   0x00026580       0x18 ./Core/Src/main.o
 .debug_macro   0x00026598       0x17 ./Core/Src/main.o
 .debug_macro   0x000265af       0x17 ./Core/Src/main.o
 .debug_macro   0x000265c6       0x10 ./Core/Src/main.o
 .debug_macro   0x000265d6       0x10 ./Core/Src/main.o
 .debug_macro   0x000265e6       0x76 ./Core/Src/main.o
 .debug_macro   0x0002665c       0x1c ./Core/Src/main.o
 .debug_macro   0x00026678      0x120 ./Core/Src/main.o
 .debug_macro   0x00026798      0x24c ./Core/Src/stm32f4xx_hal_msp.o
 .debug_macro   0x000269e4      0xad8 ./Core/Src/stm32f4xx_hal_msp.o
 .debug_macro   0x000274bc     0x1011 ./Core/Src/stm32f4xx_hal_msp.o
 .debug_macro   0x000284cd      0x190 ./Core/Src/stm32f4xx_hal_msp.o
 .debug_macro   0x0002865d      0x256 ./Core/Src/stm32f4xx_it.o
 .debug_macro   0x000288b3      0x112 ./Core/Src/sysmem.o
 .debug_macro   0x000289c5      0x23c ./Core/Src/sysmem.o
 .debug_macro   0x00028c01      0x23d ./Core/Src/system_stm32f4xx.o
 .debug_macro   0x00028e3e      0x29d ./Drivers/STM32F4xx_HAL_Driver/Src/stm32f4xx_hal.o
 .debug_macro   0x000290db      0x23e ./Drivers/STM32F4xx_HAL_Driver/Src/stm32f4xx_hal_adc.o
 .debug_macro   0x00029319      0x23d ./Drivers/STM32F4xx_HAL_Driver/Src/stm32f4xx_hal_cortex.o
 .debug_macro   0x00029556      0x243 ./Drivers/STM32F4xx_HAL_Driver/Src/stm32f4xx_hal_dma.o
 .debug_macro   0x00029799      0x317 ./Drivers/STM32F4xx_HAL_Driver/Src/stm32f4xx_hal_eth.o
 .debug_macro   0x00029ab0      0x243 ./Drivers/STM32F4xx_HAL_Driver/Src/stm32f4xx_hal_gpio.o
 .debug_macro   0x00029cf3      0x245 ./Drivers/STM32F4xx_HAL_Driver/Src/stm32f4xx_hal_i2s.o
 .debug_macro   0x00029f38      0x23d ./Drivers/STM32F4xx_HAL_Driver/Src/stm32f4xx_hal_i2s_ex.o
 .debug_macro   0x0002a175      0x249 ./Drivers/STM32F4xx_HAL_Driver/Src/stm32f4xx_hal_pcd.o
 .debug_macro   0x0002a3be      0x261 ./Drivers/STM32F4xx_HAL_Driver/Src/stm32f4xx_hal_rcc.o
 .debug_macro   0x0002a61f      0x23d ./Drivers/STM32F4xx_HAL_Driver/Src/stm32f4xx_hal_rcc_ex.o
 .debug_macro   0x0002a85c      0x23e ./Drivers/STM32F4xx_HAL_Driver/Src/stm32f4xx_hal_tim.o
 .debug_macro   0x0002aa9a      0x23d ./Drivers/STM32F4xx_HAL_Driver/Src/stm32f4xx_hal_tim_ex.o
 .debug_macro   0x0002acd7      0x23e ./Drivers/STM32F4xx_HAL_Driver/Src/stm32f4xx_hal_uart.o
 .debug_macro   0x0002af15      0x23d ./Drivers/STM32F4xx_HAL_Driver/Src/stm32f4xx_ll_usb.o

.debug_line     0x00000000    0x193ab
 .debug_line    0x00000000      0x863 ./Core/Src/LEDArray.o
 .debug_line    0x00000863      0x8a8 ./Core/Src/funkSteckdose.o
 .debug_line    0x0000110b     0x18ea ./Core/Src/main.o
 .debug_line    0x000029f5      0x9c6 ./Core/Src/stm32f4xx_hal_msp.o
 .debug_line    0x000033bb      0x828 ./Core/Src/stm32f4xx_it.o
 .debug_line    0x00003be3      0x4bd ./Core/Src/sysmem.o
 .debug_line    0x000040a0      0x7d7 ./Core/Src/system_stm32f4xx.o
 .debug_line    0x00004877       0x7a ./Core/Startup/startup_stm32f429zitx.o
 .debug_line    0x000048f1      0xa89 ./Drivers/STM32F4xx_HAL_Driver/Src/stm32f4xx_hal.o
 .debug_line    0x0000537a     0x1276 ./Drivers/STM32F4xx_HAL_Driver/Src/stm32f4xx_hal_adc.o
 .debug_line    0x000065f0      0xd23 ./Drivers/STM32F4xx_HAL_Driver/Src/stm32f4xx_hal_cortex.o
 .debug_line    0x00007313      0xfbf ./Drivers/STM32F4xx_HAL_Driver/Src/stm32f4xx_hal_dma.o
 .debug_line    0x000082d2     0x1a68 ./Drivers/STM32F4xx_HAL_Driver/Src/stm32f4xx_hal_eth.o
 .debug_line    0x00009d3a      0xbd3 ./Drivers/STM32F4xx_HAL_Driver/Src/stm32f4xx_hal_gpio.o
 .debug_line    0x0000a90d     0x13ab ./Drivers/STM32F4xx_HAL_Driver/Src/stm32f4xx_hal_i2s.o
 .debug_line    0x0000bcb8     0x12ab ./Drivers/STM32F4xx_HAL_Driver/Src/stm32f4xx_hal_i2s_ex.o
 .debug_line    0x0000cf63     0x149e ./Drivers/STM32F4xx_HAL_Driver/Src/stm32f4xx_hal_pcd.o
 .debug_line    0x0000e401      0xe62 ./Drivers/STM32F4xx_HAL_Driver/Src/stm32f4xx_hal_rcc.o
 .debug_line    0x0000f263      0xcab ./Drivers/STM32F4xx_HAL_Driver/Src/stm32f4xx_hal_rcc_ex.o
 .debug_line    0x0000ff0e     0x37c8 ./Drivers/STM32F4xx_HAL_Driver/Src/stm32f4xx_hal_tim.o
 .debug_line    0x000136d6     0x19b3 ./Drivers/STM32F4xx_HAL_Driver/Src/stm32f4xx_hal_tim_ex.o
 .debug_line    0x00015089     0x259b ./Drivers/STM32F4xx_HAL_Driver/Src/stm32f4xx_hal_uart.o
 .debug_line    0x00017624     0x1d87 ./Drivers/STM32F4xx_HAL_Driver/Src/stm32f4xx_ll_usb.o

.debug_str      0x00000000    0xf94c1
 .debug_str     0x00000000    0xf94c1 ./Core/Src/LEDArray.o
                              0xe6b3a (size before relaxing)
 .debug_str     0x000f94c1    0xe72e7 ./Core/Src/funkSteckdose.o
 .debug_str     0x000f94c1    0xf477d ./Core/Src/main.o
 .debug_str     0x000f94c1    0xe7bcf ./Core/Src/stm32f4xx_hal_msp.o
 .debug_str     0x000f94c1    0xe6802 ./Core/Src/stm32f4xx_it.o
 .debug_str     0x000f94c1     0x7785 ./Core/Src/sysmem.o
 .debug_str     0x000f94c1    0xe61e6 ./Core/Src/system_stm32f4xx.o
 .debug_str     0x000f94c1       0x87 ./Core/Startup/startup_stm32f429zitx.o
 .debug_str     0x000f94c1    0xe6e09 ./Drivers/STM32F4xx_HAL_Driver/Src/stm32f4xx_hal.o
 .debug_str     0x000f94c1    0xe67c0 ./Drivers/STM32F4xx_HAL_Driver/Src/stm32f4xx_hal_adc.o
 .debug_str     0x000f94c1    0xe6b37 ./Drivers/STM32F4xx_HAL_Driver/Src/stm32f4xx_hal_cortex.o
 .debug_str     0x000f94c1    0xe65ed ./Drivers/STM32F4xx_HAL_Driver/Src/stm32f4xx_hal_dma.o
 .debug_str     0x000f94c1    0xe7ae2 ./Drivers/STM32F4xx_HAL_Driver/Src/stm32f4xx_hal_eth.o
 .debug_str     0x000f94c1    0xe6361 ./Drivers/STM32F4xx_HAL_Driver/Src/stm32f4xx_hal_gpio.o
 .debug_str     0x000f94c1    0xe67c4 ./Drivers/STM32F4xx_HAL_Driver/Src/stm32f4xx_hal_i2s.o
 .debug_str     0x000f94c1    0xe66c6 ./Drivers/STM32F4xx_HAL_Driver/Src/stm32f4xx_hal_i2s_ex.o
 .debug_str     0x000f94c1    0xe6cb1 ./Drivers/STM32F4xx_HAL_Driver/Src/stm32f4xx_hal_pcd.o
 .debug_str     0x000f94c1    0xe661a ./Drivers/STM32F4xx_HAL_Driver/Src/stm32f4xx_hal_rcc.o
 .debug_str     0x000f94c1    0xe63e1 ./Drivers/STM32F4xx_HAL_Driver/Src/stm32f4xx_hal_rcc_ex.o