/opt/st/stm32cubeide_1.19.0/plugins/com.st.stm32cube.ide.mcu.externaltools.gnu-tools-for-stm32.13.3.rel1.linux64_1.0.0.202410170706/tools/arm-none-eabi/include/c++/13.3.1/arm-none-eabi/thumb/v7e-m+fp/hard/bits/gthr-default.h:229:1:int __gthread_key_delete(__gthread_key_t)	16	static
../Core/Src/main.cpp:88:6:void testLEDBarWithPot()	8	static
../Core/Src/main.cpp:102:6:void testSteckdoseEinAus()	168	static
../Core/Src/main.cpp:112:5:int main()	40	static
../Core/Src/main.cpp:171:6:void SystemClock_Config()	88	static
../Core/Src/main.cpp:217:13:void MX_ADC1_Init()	24	static
../Core/Src/main.cpp:269:13:void MX_ETH_Init()	8	static
../Core/Src/main.cpp:318:13:void MX_TIM2_Init()	32	static
../Core/Src/main.cpp:363:13:void MX_USART3_UART_Init()	8	static
../Core/Src/main.cpp:396:13:void MX_USB_OTG_FS_PCD_Init()	8	static
../Core/Src/main.cpp:431:13:void MX_GPIO_Init()	56	static
../Core/Src/main.cpp:510:6:void Error_Handler()	4	static,ignoring_inline_asm
/opt/st/stm32cubeide_1.19.0/plugins/com.st.stm32cube.ide.mcu.externaltools.gnu-tools-for-stm32.13.3.rel1.linux64_1.0.0.202410170706/tools/arm-none-eabi/include/c++/13.3.1/cmath:2494:5:constexpr typename __gnu_cxx::__enable_if<std::__is_integer<_Tp>::__value, double>::__type std::round(_Tp) [with _Tp = long unsigned int]	16	static
../Core/Src/main.cpp:519:1:void __static_initialization_and_destruction_0()	8	static
../Core/Src/main.cpp:519:1:void __static_initialization_and_destruction_1()	8	static
../Core/Src/main.cpp:519:1:cpp)	8	static
../Core/Src/main.cpp:519:1:cpp)	8	static
